# KeyTransU_VuTam.map
# Tamil in Buckets 1, 2 & 3, for Consonants with a, u & U Markers.
# English in Bucket 4 for Small; Caps not mapped.
# VK_Space & VK_Tab not used.
#
# So now for the format of the ini file. Each line is a rule.
# The character '=' seperates the  LHS and the RHS
# A line starting with a # will be discarded as a comment line.
#
# Example of a simple 1 to 1 translation:
# BUCKET1 VK_A = 2949
#
# Example of a 1 to 2 translation:
# BUCKET1 VK_BRA_OPEN = 32 3014
#
# Example of a 1 to 3 translation:
# BUCKET2 VK_J = 2965 3021 2999
#
# Example of a 1 to 4 translation:
# BUCKET3 VK_S = 3000 3021 2992 3008
#
# Example of a 2 to 2 translation:
# BUCKET1 VK_BRA_OPEN BUCKET1 VK_S = 3000 3014
#
# Example of a 2 to 4 translation:
# BUCKET1 VK_BRA_OPEN BUCKET2 VK_J = 2965 3021 2999 3014
#
#Start Maps for VuTam
#
# Bucket 1 First Row
BUCKET1 VK_APOSTROPHE = 96
BUCKET1 VK_1          = 49
BUCKET1 VK_2          = 50
BUCKET1 VK_3          = 51
BUCKET1 VK_4          = 52
BUCKET1 VK_5          = 53
BUCKET1 VK_6          = 54
BUCKET1 VK_7          = 55
BUCKET1 VK_8          = 56
BUCKET1 VK_9          = 57
BUCKET1 VK_0          = 48
BUCKET1 VK_MINUS      = 45
BUCKET1 VK_EQUAL      = 61
#
# Bucket 1 Second Row
BUCKET1 VK_Q          = 2984
BUCKET1 VK_W          = 2991
BUCKET1 VK_E          = 2951
BUCKET1 VK_R          = 2992
BUCKET1 VK_T          = 2980
BUCKET1 VK_Y          = 2958
BUCKET1 VK_U          = 2953
BUCKET1 VK_I          = 2960
BUCKET1 VK_O          = 2962
BUCKET1 VK_P          = 2986
BUCKET1 VK_BRA_OPEN   = 32 3014
BUCKET1 VK_BRA_CLOSE  = 3007
BUCKET1 VK_BACK_SLASH = 2974
#
# Bucket 1 Third Row
BUCKET1 VK_A          = 2949
BUCKET1 VK_S          = 3000
BUCKET1 VK_D          = 2975
BUCKET1 VK_F          = 2995
BUCKET1 VK_G          = 2969
BUCKET1 VK_H          = 3001
BUCKET1 VK_J          = 2972
BUCKET1 VK_K          = 2965
BUCKET1 VK_L          = 2994
BUCKET1 VK_COLON      = 59
BUCKET1 VK_QUOTES     = 3021
#
# Bucket 1 Fourth Row
BUCKET1 VK_Z          = 2996
BUCKET1 VK_X          = 2993
BUCKET1 VK_C          = 2970
BUCKET1 VK_V          = 2997
BUCKET1 VK_B          = 2979
BUCKET1 VK_N          = 2985
BUCKET1 VK_M          = 2990
BUCKET1 VK_COMMA      = 44
BUCKET1 VK_DOT        = 46
BUCKET1 VK_FOR_SLASH  = 3006
#
# Bucket 2 First Row
BUCKET2 VK_APOSTROPHE	= 126
BUCKET2	VK_1		= 33
BUCKET2 VK_2		= 64
BUCKET2 VK_3		= 35
BUCKET2 VK_4		= 36
BUCKET2	VK_5		= 37
BUCKET2	VK_6		= 94
BUCKET2	VK_7		= 38
BUCKET2	VK_8		= 42
BUCKET2	VK_9		= 40
BUCKET2	VK_0		= 41
BUCKET2	VK_MINUS	= 95
BUCKET2	VK_EQUAL	= 43
#
# Bucket 2 Second Row
BUCKET2	VK_Q		= 2984 3009
BUCKET2	VK_W		= 2991 3009
BUCKET2 VK_E		= 2952
BUCKET2	VK_R		= 2992 3009
BUCKET2	VK_T		= 2980 3009
BUCKET2 VK_Y		= 2959
BUCKET2 VK_U		= 2954
BUCKET2	VK_I		= 32 3016
BUCKET2 VK_O		= 2963
BUCKET2	VK_P		= 2986 3009
BUCKET2	VK_BRA_OPEN	= 32 3015
BUCKET2 VK_BRA_CLOSE    = 3008
BUCKET2	VK_BACK_SLASH	= 2974 3009
#
# Bucket 2 Third Row
BUCKET2	VK_A		= 2950
BUCKET2	VK_S		= 2999
BUCKET2	VK_D		= 2975 3009
BUCKET2	VK_F		= 2995 3009
BUCKET2	VK_G		= 2969 3009
BUCKET2	VK_H		= 3009
BUCKET2	VK_J		= 2965 3021 2999
BUCKET2	VK_K		= 2965 3009
BUCKET2 VK_L		= 2994 3009
BUCKET2	VK_COLON	= 58
BUCKET2	VK_QUOTES	= 34
#
# Bucket 2 Fourth Row
BUCKET2	VK_Z		= 2996 3009
BUCKET2	VK_X		= 2993 3009
BUCKET2 VK_C		= 2970 3009
BUCKET2	VK_V		= 2997 3009
BUCKET2 VK_B		= 2979 3009
BUCKET2	VK_N		= 2985 3009
BUCKET2	VK_M		= 2990 3009
BUCKET2	VK_COMMA	= 60
BUCKET2	VK_DOT		= 62
BUCKET2	VK_FOR_SLASH	= 63
#
# Bucket3
# Bucket3 First Row.
BUCKET3 VK_APOSTROPHE = 3024
BUCKET3 VK_1 = 3047
BUCKET3 VK_2 = 3048
BUCKET3 VK_3 = 3049
BUCKET3 VK_4 = 3050
BUCKET3 VK_5 = 3051
BUCKET3 VK_6 = 3052
BUCKET3 VK_7 = 3053
BUCKET3 VK_8 = 3054
BUCKET3 VK_9 = 3055
BUCKET3 VK_0 = 3046
BUCKET3 VK_MINUS = 123
BUCKET3 VK_EQUAL = 125
#
# BUCKET3 Second Row
BUCKET3 VK_Q = 2984 3010
BUCKET3 VK_W = 2991 3010
BUCKET3 VK_E = 3065
BUCKET3 VK_R = 2992 3010
BUCKET3 VK_T = 2980 3010
BUCKET3 VK_Y = 3061
BUCKET3 VK_U = 3060
BUCKET3 VK_I = 3059
BUCKET3 VK_O = 3064
BUCKET3 VK_P = 2986 3010
BUCKET3 VK_BRA_OPEN = 91
BUCKET3 VK_BRA_CLOSE = 93
BUCKET3 VK_BACK_SLASH = 2974 3010
#
# BUCKET3 Third Row
BUCKET3 VK_A = 2947
BUCKET3 VK_S = 3000 3021 2992 3008
BUCKET3 VK_D = 2975 3010
BUCKET3 VK_F = 2995 3010
BUCKET3 VK_G = 2969 3010
BUCKET3 VK_H = 3010
BUCKET3 VK_J = 3066
BUCKET3 VK_K = 2965 3010
BUCKET3 VK_L = 2994 3010
BUCKET3 VK_COLON = 167
BUCKET3 VK_QUOTES = 39
#
# BUCKET3 Fourth Row
BUCKET3 VK_Z = 2996 3010
BUCKET3 VK_X = 2993 3010
BUCKET3 VK_C = 2970 3010
BUCKET3 VK_V = 2997 3010
BUCKET3 VK_B = 2979 3010
BUCKET3 VK_N = 2985 3010
BUCKET3 VK_M = 2990 3010
BUCKET3 VK_COMMA = 92
BUCKET3 VK_DOT = 124
BUCKET3 VK_FOR_SLASH = 47
#
# Bucket4 (English)
# Bucket 4 First Row
BUCKET4 VK_1 = 73
BUCKET4 VK_2 = 73 73
BUCKET4 VK_3 = 73 73 73
BUCKET4 VK_4 = 73 86
BUCKET4 VK_5 = 86
BUCKET4 VK_6 = 86 73
BUCKET4 VK_7 = 86 73 73
BUCKET4 VK_8 = 86 73 73 73
BUCKET4 VK_9 = 73 88
BUCKET4 VK_0 = 88
# Bucket 4 Second Row
BUCKET4   VK_Q      = 113
BUCKET4   VK_W      = 119
BUCKET4   VK_E      = 101
BUCKET4   VK_R      = 114
BUCKET4   VK_T      = 116
BUCKET4   VK_Y      = 121
BUCKET4   VK_U      = 117
BUCKET4   VK_I      = 105
BUCKET4   VK_O      = 111
BUCKET4   VK_P      = 112
#
# Bucket 4 Third Row
BUCKET4   VK_A      = 97
BUCKET4   VK_S      = 115
BUCKET4   VK_D      = 100
BUCKET4   VK_F      = 102
BUCKET4   VK_G      = 103
BUCKET4   VK_H      = 104
BUCKET4   VK_J      = 106
BUCKET4   VK_K      = 107
BUCKET4   VK_L      = 108
#
# Bucket 4 Fourth Row
BUCKET4 VK_Z        = 122
BUCKET4   VK_X      = 120
BUCKET4   VK_C      = 99
BUCKET4   VK_V      = 118
BUCKET4   VK_B      = 98
BUCKET4   VK_N      = 110
BUCKET4   VK_M      = 109
BUCKET4 VK_COMMA = 60
BUCKET4 VK_DOT = 62
BUCKET4 VK_FOR_SLASH = 63
#
# End of single keystroke mappings.
#
# Beginning of multiple keystroke mappings.
BUCKET1 VK_BRA_OPEN BUCKET1 VK_Q		= 2984 3014
BUCKET1 VK_BRA_OPEN BUCKET1 VK_W		= 2991 3014
BUCKET1 VK_BRA_OPEN BUCKET1 VK_R		= 2992 3014
BUCKET1 VK_BRA_OPEN BUCKET1 VK_T		= 2980 3014
BUCKET1 VK_BRA_OPEN BUCKET1 VK_P		= 2986 3014
BUCKET1 VK_BRA_OPEN BUCKET1 VK_BACK_SLASH	= 2974 3014
BUCKET1 VK_BRA_OPEN BUCKET1 VK_S		= 3000 3014
BUCKET1 VK_BRA_OPEN BUCKET1 VK_D		= 2975 3014
BUCKET1 VK_BRA_OPEN BUCKET1 VK_F		= 2995 3014
BUCKET1 VK_BRA_OPEN BUCKET1 VK_G		= 2969 3014
BUCKET1 VK_BRA_OPEN BUCKET1 VK_H		= 3001 3014
BUCKET1 VK_BRA_OPEN BUCKET1 VK_J		= 2972 3014
BUCKET1 VK_BRA_OPEN BUCKET1 VK_K		= 2965 3014
BUCKET1 VK_BRA_OPEN BUCKET1 VK_L		= 2994 3014
BUCKET1 VK_BRA_OPEN BUCKET1 VK_Z		= 2996 3014
BUCKET1 VK_BRA_OPEN BUCKET1 VK_X		= 2993 3014
BUCKET1 VK_BRA_OPEN BUCKET1 VK_C		= 2970 3014
BUCKET1 VK_BRA_OPEN BUCKET1 VK_V		= 2997 3014
BUCKET1 VK_BRA_OPEN BUCKET1 VK_B		= 2979 3014
BUCKET1 VK_BRA_OPEN BUCKET1 VK_N		= 2985 3014
BUCKET1 VK_BRA_OPEN BUCKET1 VK_M		= 2990 3014
BUCKET1 VK_BRA_OPEN BUCKET2 VK_S		= 2999 3014
#
BUCKET2 VK_BRA_OPEN BUCKET1 VK_Q		= 2984 3015
BUCKET2 VK_BRA_OPEN BUCKET1 VK_W		= 2991 3015
BUCKET2 VK_BRA_OPEN BUCKET1 VK_R		= 2992 3015
BUCKET2 VK_BRA_OPEN BUCKET1 VK_T		= 2980 3015
BUCKET2 VK_BRA_OPEN BUCKET1 VK_P		= 2986 3015
BUCKET2 VK_BRA_OPEN BUCKET1 VK_BACK_SLASH	= 2974 3015
BUCKET2 VK_BRA_OPEN BUCKET1 VK_S		= 3000 3015
BUCKET2 VK_BRA_OPEN BUCKET1 VK_D		= 2975 3015
BUCKET2 VK_BRA_OPEN BUCKET1 VK_F		= 2995 3015
BUCKET2 VK_BRA_OPEN BUCKET1 VK_G		= 2969 3015
BUCKET2 VK_BRA_OPEN BUCKET1 VK_H		= 3001 3015
BUCKET2 VK_BRA_OPEN BUCKET1 VK_J		= 2972 3015
BUCKET2 VK_BRA_OPEN BUCKET1 VK_K		= 2965 3015
BUCKET2 VK_BRA_OPEN BUCKET1 VK_L		= 2994 3015
BUCKET2 VK_BRA_OPEN BUCKET1 VK_Z		= 2996 3015
BUCKET2 VK_BRA_OPEN BUCKET1 VK_X		= 2993 3015
BUCKET2 VK_BRA_OPEN BUCKET1 VK_C		= 2970 3015
BUCKET2 VK_BRA_OPEN BUCKET1 VK_V		= 2997 3015
BUCKET2 VK_BRA_OPEN BUCKET1 VK_B		= 2979 3015
BUCKET2 VK_BRA_OPEN BUCKET1 VK_N		= 2985 3015
BUCKET2 VK_BRA_OPEN BUCKET1 VK_M		= 2990 3015
#
BUCKET2 VK_BRA_OPEN BUCKET2 VK_S		= 2999 3015
#
BUCKET2 VK_I BUCKET1 VK_Q			= 2984 3016
BUCKET2 VK_I BUCKET1 VK_W			= 2991 3016
BUCKET2 VK_I BUCKET1 VK_R			= 2992 3016
BUCKET2 VK_I BUCKET1 VK_BACK_SLASH		= 2974 3016
BUCKET2 VK_I BUCKET1 VK_T			= 2980 3016
BUCKET2 VK_I BUCKET1 VK_P			= 2986 3016
BUCKET2 VK_I BUCKET1 VK_S			= 3000 3016
BUCKET2 VK_I BUCKET1 VK_D			= 2975 3016
BUCKET2 VK_I BUCKET1 VK_F			= 2995 3016
BUCKET2 VK_I BUCKET1 VK_G			= 2969 3016
BUCKET2 VK_I BUCKET1 VK_H			= 3001 3016
BUCKET2 VK_I BUCKET1 VK_J			= 2972 3016
BUCKET2 VK_I BUCKET1 VK_K			= 2965 3016
BUCKET2 VK_I BUCKET1 VK_L			= 2994 3016
BUCKET2 VK_I BUCKET1 VK_Z			= 2996 3016
BUCKET2 VK_I BUCKET1 VK_X			= 2993 3016
BUCKET2 VK_I BUCKET1 VK_C			= 2970 3016
BUCKET2 VK_I BUCKET1 VK_V			= 2997 3016
BUCKET2 VK_I BUCKET1 VK_B			= 2979 3016
BUCKET2 VK_I BUCKET1 VK_N			= 2985 3016
BUCKET2 VK_I BUCKET1 VK_M			= 2990 3016
#
BUCKET2 VK_I BUCKET2 VK_S			= 2999 3016
#
BUCKET1 VK_BRA_OPEN BUCKET2 VK_J		= 2965 3021 2999 3014
BUCKET2 VK_BRA_OPEN BUCKET2 VK_J		= 2965 3021 2999 3015
#
BUCKET2 VK_I BUCKET2 VK_J			= 2965 3021 2999 3016
#
# End of multiple keystroke mappings.
# SPECIALS
#
# Special 1 SPACE
#
# Special 2 TAB
# First Row
#
# END

