# KeyTransU_TACE.map
# Tamil in Buckets 1, 2.
# vow. mks. in punc.mks.; chars. in chars.!
# Buckets 3 & 4 now mapped!
# Follows the Tam.Phon. method. 
# VK_Space & VK_Tab not used.
#
# So now for the format of the ini(map) file. Each line is a rule.
# The character '=' seperates the  LHS and the RHS
# A line starting with a # will be discarded as a comment line.
#
# Example of a simple 1 to 1 translation:
# BUCKET1 VK_A = 2309
#
# Example of a 1 to 2 translation:
# BUCKET1 VK_BRA_CLOSE = 32 2367
#
# Example of a 1 to 3 translation:
# BUCKET2 VK_J = 2965 3021 2999
#
# Example of a 1 to 4 translation:
# BUCKET3 VK_S = 3000 3021 2992 3008
#
# Example of a 2 to 2 translation:
# BUCKET1 VK_BRA_CLOSE BUCKET1 VK_S = 2360 2367
#
# Example of a 2 to 4 translation:
# BUCKET1 VK_BRA_OPEN BUCKET2 VK_J = 2965 3021 2999 3014
#
#Start Maps for Tamil TACE.
#
# Bucket 1 First Row
BUCKET1 VK_APOSTROPHE = 57850
BUCKET1 VK_1          = 49
BUCKET1 VK_2          = 50
BUCKET1 VK_3          = 51
BUCKET1 VK_4          = 52
BUCKET1 VK_5          = 53
BUCKET1 VK_6          = 54
BUCKET1 VK_7          = 55
BUCKET1 VK_8          = 56
BUCKET1 VK_9          = 57
BUCKET1 VK_0          = 48
BUCKET1 VK_MINUS      = 57849
BUCKET1 VK_EQUAL      = 61
#
# Bucket 1 Second Row
BUCKET1 VK_Q          = 57985
BUCKET1 VK_W          = 58033
BUCKET1 VK_E          = 57859
BUCKET1 VK_R          = 58049
BUCKET1 VK_T          = 57969
BUCKET1 VK_Y          = 57863
BUCKET1 VK_U          = 57861
BUCKET1 VK_I          = 57865
BUCKET1 VK_O          = 57866
BUCKET1 VK_P          = 58001
BUCKET1 VK_BRA_OPEN   = 57847
BUCKET1 VK_BRA_CLOSE  = 57843
BUCKET1 VK_BACK_SLASH = 57845
#
# Bucket 1 Third Row
BUCKET1 VK_A          = 57857
BUCKET1 VK_S          = 58209
BUCKET1 VK_D          = 57937
BUCKET1 VK_F          = 58113
BUCKET1 VK_G          = 57889
BUCKET1 VK_H          = 58225
BUCKET1 VK_J          = 57921
BUCKET1 VK_K          = 57873
BUCKET1 VK_L          = 58065
BUCKET1 VK_COLON      = 59
BUCKET1 VK_QUOTES     = 57840
#
# Bucket 1 Fourth Row
BUCKET1 VK_Z          = 58097
BUCKET1 VK_X          = 58129
BUCKET1 VK_C          = 57905
BUCKET1 VK_V          = 58081
BUCKET1 VK_B          = 57953
BUCKET1 VK_N          = 58145
BUCKET1 VK_M          = 58017
BUCKET1 VK_COMMA      = 44
BUCKET1 VK_DOT        = 46
BUCKET1 VK_FOR_SLASH  = 57842
#
# Bucket 2 First Row
BUCKET2 VK_APOSTROPHE    = 57851
BUCKET2	VK_1		= 33
BUCKET2 VK_2		= 64
BUCKET2 VK_3		= 35
BUCKET2 VK_4		= 36
BUCKET2	VK_5		= 37
BUCKET2	VK_6		= 94
BUCKET2	VK_7		= 38
BUCKET2	VK_8		= 42
BUCKET2	VK_9		= 40
BUCKET2	VK_0		= 41
BUCKET2   VK_MINUS  = 57852
BUCKET2	VK_EQUAL	= 43
#
# Bucket 2 Second Row
BUCKET2	VK_Q		= 57869
BUCKET2	VK_W		= 57604
BUCKET2 VK_E		= 57860
BUCKET2	VK_R		= 58253
BUCKET2	VK_T		= 57605
BUCKET2 VK_Y		= 57864
BUCKET2 VK_U		= 57862
BUCKET2   VK_I      = 57868
BUCKET2 VK_O		= 57867
BUCKET2	VK_P		= 57603
BUCKET2	VK_BRA_OPEN	= 57848
BUCKET2 VK_BRA_CLOSE    = 57844
BUCKET2	VK_BACK_SLASH	= 57846
#
# Bucket 2 Third Row
BUCKET2	VK_A		= 57858
BUCKET2	VK_S		= 58193
BUCKET2	VK_D		= 57600
BUCKET2	VK_F		= 57601
BUCKET2	VK_G		= 57602
BUCKET2	VK_H		= 58241
BUCKET2	VK_J		= 58161
BUCKET2	VK_K		= 57606
BUCKET2 VK_L		= 57607
BUCKET2	VK_COLON	= 58
BUCKET2	VK_QUOTES	= 34
#
# Bucket 2 Fourth Row
BUCKET2	VK_Z		= 57612
BUCKET2	VK_X		= 58177
BUCKET2 VK_C		= 8224
BUCKET2 VK_V    = 8225
BUCKET2 VK_B		= 167
BUCKET2	VK_N		= 182
BUCKET2	VK_M		= 176
BUCKET2	VK_COMMA	= 60
BUCKET2	VK_DOT		= 62
BUCKET2	VK_FOR_SLASH	= 63
#
# Bucket 3 First Row
BUCKET3 VK_APOSTROPHE = 96
BUCKET3 VK_1 = 57729
BUCKET3 VK_2 = 57730
BUCKET3 VK_3 = 57731
BUCKET3 VK_4 = 57732
BUCKET3 VK_5 = 57733
BUCKET3 VK_6 = 57734
BUCKET3 VK_7 = 57735
BUCKET3 VK_8 = 57736
BUCKET3 VK_9 = 57737
BUCKET3 VK_0 = 57728
BUCKET3 VK_MINUS = 45
BUCKET3 VK_EQUAL = 61
#
# Bucket 3 Second Row
BUCKET3   VK_Q      = 113
BUCKET3   VK_W      = 119
BUCKET3   VK_E      = 101
BUCKET3   VK_R      = 114
BUCKET3   VK_T      = 116
BUCKET3   VK_Y      = 121
BUCKET3   VK_U      = 117
BUCKET3   VK_I      = 105
BUCKET3   VK_O      = 111
BUCKET3   VK_P      = 112
BUCKET3   VK_BRA_OPEN = 91
BUCKET3 VK_BRA_CLOSE = 93
BUCKET3 VK_BACK_SLASH = 92
#
# Bucket 3 Third Row
BUCKET3   VK_A      = 97
BUCKET3   VK_S      = 115
BUCKET3   VK_D      = 100
BUCKET3   VK_F      = 102
BUCKET3   VK_G      = 103
BUCKET3   VK_H      = 104
BUCKET3   VK_J      = 106
BUCKET3   VK_K      = 107
BUCKET3   VK_L      = 108
BUCKET3 VK_COLON = 59
BUCKET3 VK_QUOTES = 39
#
# Bucket 3 Fourth Row
BUCKET3 VK_Z        = 122
BUCKET3   VK_X      = 120
BUCKET3   VK_C      = 99
BUCKET3   VK_V      = 118
BUCKET3   VK_B      = 98
BUCKET3   VK_N      = 110
BUCKET3   VK_M      = 109
BUCKET3 VK_COMMA = 44
BUCKET3 VK_DOT = 46
BUCKET3 VK_FOR_SLASH = 47
#
# Bucket4
# First Row
BUCKET4 VK_APOSTROPHE = 126
BUCKET4 VK_1 = 33
BUCKET4 VK_2 = 64
BUCKET4 VK_3 = 35
BUCKET4 VK_4 = 36
BUCKET4 VK_5 = 37
BUCKET4 VK_6 = 94
BUCKET4 VK_7 = 38
BUCKET4 VK_8 = 42
BUCKET4 VK_9 = 40
BUCKET4 VK_0 = 41
BUCKET4 VK_MINUS = 95
BUCKET4 VK_EQUAL = 43
#
#
# Bucket 4 Second Row
BUCKET4 VK_Q = 81
BUCKET4 VK_W = 87
BUCKET4 VK_E = 69
BUCKET4 VK_R = 82
BUCKET4 VK_T = 84
BUCKET4 VK_Y = 89
BUCKET4 VK_U = 85
BUCKET4 VK_I = 73
BUCKET4 VK_O = 79
BUCKET4 VK_P = 80
BUCKET4 VK_BRA_OPEN = 123
BUCKET4 VK_BRA_CLOSE = 125
BUCKET4 VK_BACK_SLASH = 124
#
# Bucket 4 Third Row
BUCKET4 VK_A = 65
BUCKET4 VK_S = 83
BUCKET4 VK_D = 68
BUCKET4 VK_F = 70
BUCKET4 VK_G = 71
BUCKET4 VK_H = 72
BUCKET4 VK_J = 74
BUCKET4 VK_K = 75
BUCKET4 VK_L = 76
BUCKET4 VK_COLON = 58
BUCKET4 VK_QUOTES = 34
#
# Bucket 4  Fourth Row
BUCKET4 VK_Z = 90
BUCKET4 VK_X = 88
BUCKET4 VK_C = 67
BUCKET4 VK_V = 86
BUCKET4 VK_B = 66
BUCKET4 VK_N = 78
BUCKET4 VK_M = 77
BUCKET4 VK_COMMA = 60
BUCKET4 VK_DOT = 62
BUCKET4 VK_FOR_SLASH = 63
#
#
#
# End of single keystroke mappings.
#
# Beginning of multiple keystroke mappings.
# pulli
BUCKET1 VK_Q BUCKET1 VK_QUOTES = 57984
BUCKET1 VK_W BUCKET1 VK_QUOTES = 58032
BUCKET1 VK_R BUCKET1 VK_QUOTES = 58048
BUCKET1 VK_T BUCKET1 VK_QUOTES = 57968
BUCKET1 VK_P BUCKET1 VK_QUOTES = 58000
BUCKET1 VK_S BUCKET1 VK_QUOTES = 58208
BUCKET1 VK_D BUCKET1 VK_QUOTES = 57936
BUCKET1 VK_F BUCKET1 VK_QUOTES = 58112
BUCKET1 VK_G BUCKET1 VK_QUOTES = 57888
BUCKET1 VK_H BUCKET1 VK_QUOTES = 58224
BUCKET1 VK_J BUCKET1 VK_QUOTES = 57920
BUCKET1 VK_K BUCKET1 VK_QUOTES = 57872
BUCKET1 VK_L BUCKET1 VK_QUOTES = 58064
BUCKET1 VK_Z BUCKET1 VK_QUOTES = 58096
BUCKET1 VK_X BUCKET1 VK_QUOTES = 58128
BUCKET1 VK_C BUCKET1 VK_QUOTES = 57904
BUCKET1 VK_V BUCKET1 VK_QUOTES = 58080
BUCKET1 VK_B BUCKET1 VK_QUOTES = 57952
BUCKET1 VK_N BUCKET1 VK_QUOTES = 58144
BUCKET1 VK_M BUCKET1 VK_QUOTES = 58016
#
BUCKET2 VK_S BUCKET1 VK_QUOTES = 58192
BUCKET2 VK_H BUCKET1 VK_QUOTES = 58240
BUCKET2 VK_J BUCKET1 VK_QUOTES = 58160
BUCKET2 VK_X BUCKET1 VK_QUOTES = 58176
#
#
# A
BUCKET1 VK_Q BUCKET1 VK_FOR_SLASH = 57986
BUCKET1 VK_W BUCKET1 VK_FOR_SLASH = 58034
BUCKET1 VK_R BUCKET1 VK_FOR_SLASH = 58050
BUCKET1 VK_T BUCKET1 VK_FOR_SLASH = 57970
BUCKET1 VK_P BUCKET1 VK_FOR_SLASH = 58002
BUCKET1 VK_S BUCKET1 VK_FOR_SLASH = 58210
BUCKET1 VK_D BUCKET1 VK_FOR_SLASH = 57938
BUCKET1 VK_F BUCKET1 VK_FOR_SLASH = 58114
BUCKET1 VK_G BUCKET1 VK_FOR_SLASH = 57890
BUCKET1 VK_H BUCKET1 VK_FOR_SLASH = 58226
BUCKET1 VK_J BUCKET1 VK_FOR_SLASH = 57922
BUCKET1 VK_K BUCKET1 VK_FOR_SLASH = 57874
BUCKET1 VK_L BUCKET1 VK_FOR_SLASH = 58066
BUCKET1 VK_Z BUCKET1 VK_FOR_SLASH = 58098
BUCKET1 VK_X BUCKET1 VK_FOR_SLASH = 58130
BUCKET1 VK_C BUCKET1 VK_FOR_SLASH = 57906
BUCKET1 VK_V BUCKET1 VK_FOR_SLASH = 58082
BUCKET1 VK_B BUCKET1 VK_FOR_SLASH = 57954
BUCKET1 VK_N BUCKET1 VK_FOR_SLASH = 58146
BUCKET1 VK_M BUCKET1 VK_FOR_SLASH = 58018
#
BUCKET2 VK_S BUCKET1 VK_FOR_SLASH = 58194
BUCKET2 VK_H BUCKET1 VK_FOR_SLASH = 58242
BUCKET2 VK_J BUCKET1 VK_FOR_SLASH = 58162
BUCKET2 VK_X BUCKET1 VK_FOR_SLASH = 58178
#
# e
BUCKET1 VK_Q BUCKET1 VK_BRA_CLOSE = 57987
BUCKET1 VK_W BUCKET1 VK_BRA_CLOSE = 58035
BUCKET1 VK_R BUCKET1 VK_BRA_CLOSE = 58051
BUCKET1 VK_T BUCKET1 VK_BRA_CLOSE = 57971
BUCKET1 VK_P BUCKET1 VK_BRA_CLOSE = 58003
BUCKET1 VK_S BUCKET1 VK_BRA_CLOSE = 58211
BUCKET1 VK_D BUCKET1 VK_BRA_CLOSE = 57939
BUCKET1 VK_F BUCKET1 VK_BRA_CLOSE = 58115
BUCKET1 VK_G BUCKET1 VK_BRA_CLOSE = 57891
BUCKET1 VK_H BUCKET1 VK_BRA_CLOSE = 58227
BUCKET1 VK_J BUCKET1 VK_BRA_CLOSE = 57923
BUCKET1 VK_K BUCKET1 VK_BRA_CLOSE = 57875
BUCKET1 VK_L BUCKET1 VK_BRA_CLOSE = 58067
BUCKET1 VK_Z BUCKET1 VK_BRA_CLOSE = 58099
BUCKET1 VK_X BUCKET1 VK_BRA_CLOSE = 58131
BUCKET1 VK_C BUCKET1 VK_BRA_CLOSE = 57907
BUCKET1 VK_V BUCKET1 VK_BRA_CLOSE = 58083
BUCKET1 VK_B BUCKET1 VK_BRA_CLOSE = 57955
BUCKET1 VK_N BUCKET1 VK_BRA_CLOSE = 58147
BUCKET1 VK_M BUCKET1 VK_BRA_CLOSE = 58019
#
BUCKET2 VK_S BUCKET1 VK_BRA_CLOSE = 58195
BUCKET2 VK_H BUCKET1 VK_BRA_CLOSE = 58243
BUCKET2 VK_J BUCKET1 VK_BRA_CLOSE = 58163
BUCKET2 VK_X BUCKET1 VK_BRA_CLOSE = 58179
#
#
# E
BUCKET1 VK_Q BUCKET2 VK_BRA_CLOSE = 57988
BUCKET1 VK_W BUCKET2 VK_BRA_CLOSE = 58036
BUCKET1 VK_R BUCKET2 VK_BRA_CLOSE = 58052
BUCKET1 VK_T BUCKET2 VK_BRA_CLOSE = 57972
BUCKET1 VK_P BUCKET2 VK_BRA_CLOSE = 58004
BUCKET1 VK_S BUCKET2 VK_BRA_CLOSE = 58212
BUCKET1 VK_D BUCKET2 VK_BRA_CLOSE = 57940
BUCKET1 VK_F BUCKET2 VK_BRA_CLOSE = 58116
BUCKET1 VK_G BUCKET2 VK_BRA_CLOSE = 57892
BUCKET1 VK_H BUCKET2 VK_BRA_CLOSE = 58228
BUCKET1 VK_J BUCKET2 VK_BRA_CLOSE = 57924
BUCKET1 VK_K BUCKET2 VK_BRA_CLOSE = 57876
BUCKET1 VK_L BUCKET2 VK_BRA_CLOSE = 58068
BUCKET1 VK_Z BUCKET2 VK_BRA_CLOSE = 58100
BUCKET1 VK_X BUCKET2 VK_BRA_CLOSE = 58132
BUCKET1 VK_C BUCKET2 VK_BRA_CLOSE = 57908
BUCKET1 VK_V BUCKET2 VK_BRA_CLOSE = 58084
BUCKET1 VK_B BUCKET2 VK_BRA_CLOSE = 57956
BUCKET2 VK_N BUCKET2 VK_BRA_CLOSE = 58148
BUCKET1 VK_M BUCKET2 VK_BRA_CLOSE = 58020
#
BUCKET2 VK_S BUCKET2 VK_BRA_CLOSE = 58196
BUCKET2 VK_H BUCKET2 VK_BRA_CLOSE = 58244
BUCKET2 VK_J BUCKET2 VK_BRA_CLOSE = 58164
BUCKET2 VK_X BUCKET2 VK_BRA_CLOSE = 58180
#
# u
#
BUCKET1 VK_Q BUCKET1 VK_BACK_SLASH = 57989
BUCKET1 VK_W BUCKET1 VK_BACK_SLASH = 58037
BUCKET1 VK_R BUCKET1 VK_BACK_SLASH = 58053
BUCKET1 VK_T BUCKET1 VK_BACK_SLASH = 57973
BUCKET1 VK_P BUCKET1 VK_BACK_SLASH = 58005
BUCKET1 VK_S BUCKET1 VK_BACK_SLASH = 58213
BUCKET1 VK_D BUCKET1 VK_BACK_SLASH = 57941
BUCKET1 VK_F BUCKET1 VK_BACK_SLASH = 58117
BUCKET1 VK_G BUCKET1 VK_BACK_SLASH = 57893
BUCKET1 VK_H BUCKET1 VK_BACK_SLASH = 58229
BUCKET1 VK_J BUCKET1 VK_BACK_SLASH = 57925
BUCKET1 VK_K BUCKET1 VK_BACK_SLASH = 57877
BUCKET1 VK_L BUCKET1 VK_BACK_SLASH = 58069
BUCKET1 VK_Z BUCKET1 VK_BACK_SLASH = 58101
BUCKET1 VK_X BUCKET1 VK_BACK_SLASH = 58133
BUCKET1 VK_C BUCKET1 VK_BACK_SLASH = 57909
BUCKET1 VK_V BUCKET1 VK_BACK_SLASH = 58085
BUCKET1 VK_B BUCKET1 VK_BACK_SLASH = 57957
BUCKET1 VK_N BUCKET1 VK_BACK_SLASH = 58149
BUCKET1 VK_M BUCKET1 VK_BACK_SLASH = 58021
#
BUCKET2 VK_S BUCKET1 VK_BACK_SLASH = 58197
BUCKET2 VK_H BUCKET1 VK_BACK_SLASH = 58245
BUCKET2 VK_J BUCKET1 VK_BACK_SLASH = 58165
BUCKET2 VK_X BUCKET1 VK_BACK_SLASH = 58181
#
#
# U
#
BUCKET1 VK_Q BUCKET2 VK_BACK_SLASH = 57990
BUCKET1 VK_W BUCKET2 VK_BACK_SLASH = 58038
BUCKET1 VK_R BUCKET2 VK_BACK_SLASH = 58054
BUCKET1 VK_T BUCKET2 VK_BACK_SLASH = 57974
BUCKET1 VK_P BUCKET2 VK_BACK_SLASH = 58006
BUCKET1 VK_S BUCKET2 VK_BACK_SLASH = 58214
BUCKET1 VK_D BUCKET2 VK_BACK_SLASH = 57942
BUCKET1 VK_F BUCKET2 VK_BACK_SLASH = 58118
BUCKET1 VK_G BUCKET2 VK_BACK_SLASH = 57894
BUCKET1 VK_H BUCKET2 VK_BACK_SLASH = 58230
BUCKET1 VK_J BUCKET2 VK_BACK_SLASH = 57926
BUCKET1 VK_K BUCKET2 VK_BACK_SLASH = 57878
BUCKET1 VK_L BUCKET2 VK_BACK_SLASH = 58070
BUCKET1 VK_Z BUCKET2 VK_BACK_SLASH = 58102
BUCKET1 VK_X BUCKET2 VK_BACK_SLASH = 58134
BUCKET1 VK_C BUCKET2 VK_BACK_SLASH = 57910
BUCKET1 VK_V BUCKET2 VK_BACK_SLASH = 58086
BUCKET1 VK_B BUCKET2 VK_BACK_SLASH = 57958
BUCKET1 VK_N BUCKET2 VK_BACK_SLASH = 58150
BUCKET1 VK_M BUCKET2 VK_BACK_SLASH = 58022
#
BUCKET2 VK_S BUCKET2 VK_BACK_SLASH = 58198
BUCKET2 VK_H BUCKET2 VK_BACK_SLASH = 58246
BUCKET2 VK_J BUCKET2 VK_BACK_SLASH = 58166
BUCKET2 VK_X BUCKET2 VK_BACK_SLASH = 58182
#
#
# y
BUCKET1 VK_Q	BUCKET1 VK_BRA_OPEN	= 57991
BUCKET1 VK_W	BUCKET1 VK_BRA_OPEN	= 58039
BUCKET1 VK_R	BUCKET1 VK_BRA_OPEN	= 58055
BUCKET1 VK_T	BUCKET1 VK_BRA_OPEN	= 57975
BUCKET1 VK_P	BUCKET1 VK_BRA_OPEN	= 58007
BUCKET1 VK_S	BUCKET1 VK_BRA_OPEN	= 58215
BUCKET1 VK_D	BUCKET1 VK_BRA_OPEN	= 57943
BUCKET1 VK_F	BUCKET1 VK_BRA_OPEN	= 58119
BUCKET1 VK_G	BUCKET1 VK_BRA_OPEN	= 57895
BUCKET1 VK_H	BUCKET1 VK_BRA_OPEN	= 58231
BUCKET1 VK_J	BUCKET1 VK_BRA_OPEN	= 57927
BUCKET1 VK_K	BUCKET1 VK_BRA_OPEN	= 57879
BUCKET1 VK_L	BUCKET1 VK_BRA_OPEN 	= 58071
BUCKET1 VK_Z	BUCKET1 VK_BRA_OPEN	= 58103
BUCKET1 VK_X	BUCKET1 VK_BRA_OPEN	= 58135
BUCKET1 VK_C	BUCKET1 VK_BRA_OPEN	= 57911
BUCKET1 VK_V	BUCKET1 VK_BRA_OPEN	= 58087
BUCKET1 VK_B	BUCKET1 VK_BRA_OPEN	= 57959
BUCKET1 VK_N	BUCKET1 VK_BRA_OPEN	= 58151
BUCKET1 VK_M	BUCKET1 VK_BRA_OPEN	= 58023
#
BUCKET2 VK_S BUCKET1 VK_BRA_OPEN = 58199
BUCKET2 VK_H BUCKET1 VK_BRA_OPEN = 58247
BUCKET2 VK_J BUCKET1 VK_BRA_OPEN = 58167
BUCKET2 VK_X BUCKET1 VK_BRA_OPEN = 58183
# 
# Y
BUCKET1 VK_Q	BUCKET2 VK_BRA_OPEN	= 57992
BUCKET1 VK_W	BUCKET2 VK_BRA_OPEN	= 58040
BUCKET1 VK_R	BUCKET2 VK_BRA_OPEN	= 58056
BUCKET1 VK_T	BUCKET2 VK_BRA_OPEN	= 57976
BUCKET1 VK_P	BUCKET2 VK_BRA_OPEN	= 58008
BUCKET1 VK_S	BUCKET2 VK_BRA_OPEN	= 58216
BUCKET1 VK_D	BUCKET2 VK_BRA_OPEN	= 57944
BUCKET1 VK_F	BUCKET2 VK_BRA_OPEN	= 58120
BUCKET1 VK_G	BUCKET2 VK_BRA_OPEN	= 57896
BUCKET1 VK_H	BUCKET2 VK_BRA_OPEN	= 58232
BUCKET1 VK_J	BUCKET2 VK_BRA_OPEN 	= 57928
BUCKET1 VK_K	BUCKET2 VK_BRA_OPEN	= 57880
BUCKET1 VK_L	BUCKET2 VK_BRA_OPEN	= 58072
BUCKET1 VK_Z	BUCKET2 VK_BRA_OPEN	= 58104
BUCKET1 VK_X	BUCKET2 VK_BRA_OPEN	= 58136
BUCKET1 VK_C	BUCKET2 VK_BRA_OPEN	= 57912
BUCKET1 VK_V	BUCKET2 VK_BRA_OPEN	= 58088
BUCKET1 VK_B	BUCKET2 VK_BRA_OPEN 	= 57960
BUCKET1 VK_N	BUCKET2 VK_BRA_OPEN	= 58152
BUCKET1 VK_M	BUCKET2 VK_BRA_OPEN	= 58024
#
BUCKET2 VK_S BUCKET2 VK_BRA_OPEN = 58200
BUCKET2 VK_H BUCKET2 VK_BRA_OPEN = 58248
BUCKET2 VK_J BUCKET2 VK_BRA_OPEN = 58168
BUCKET2 VK_X BUCKET2 VK_BRA_OPEN = 58184
#
#
# i
BUCKET1 VK_Q BUCKET1 VK_MINUS = 57993
BUCKET1 VK_W BUCKET1 VK_MINUS = 58041
BUCKET1 VK_R BUCKET1 VK_MINUS = 58057
BUCKET1 VK_T BUCKET1 VK_MINUS = 57977
BUCKET1 VK_P BUCKET1 VK_MINUS = 58009
BUCKET1 VK_S BUCKET1 VK_MINUS = 58217
BUCKET1 VK_D BUCKET1 VK_MINUS = 57945
BUCKET1 VK_F BUCKET1 VK_MINUS = 58121
BUCKET1 VK_G BUCKET1 VK_MINUS = 57897
BUCKET1 VK_H BUCKET1 VK_MINUS = 58233
BUCKET1 VK_J BUCKET1 VK_MINUS = 57929
BUCKET1 VK_K BUCKET1 VK_MINUS = 57881
BUCKET1 VK_L BUCKET1 VK_MINUS = 58073
BUCKET1 VK_Z BUCKET1 VK_MINUS = 58105
BUCKET1 VK_X BUCKET1 VK_MINUS = 58137
BUCKET1 VK_C BUCKET1 VK_MINUS = 57913
BUCKET1 VK_V BUCKET1 VK_MINUS = 58089
BUCKET1 VK_B BUCKET1 VK_MINUS = 57961
BUCKET1 VK_N BUCKET1 VK_MINUS = 58153
BUCKET1 VK_M BUCKET1 VK_MINUS = 58025
#
BUCKET2 VK_S BUCKET1 VK_MINUS = 58201
BUCKET2 VK_H BUCKET1 VK_MINUS = 58249
BUCKET2 VK_J BUCKET1 VK_MINUS = 58169
BUCKET2 VK_X BUCKET1 VK_MINUS = 58185
#
# 
# o
BUCKET1 VK_Q BUCKET1 VK_APOSTROPHE = 57994
BUCKET1 VK_W BUCKET1 VK_APOSTROPHE = 58042
BUCKET1 VK_R BUCKET1 VK_APOSTROPHE = 58058
BUCKET1 VK_T BUCKET1 VK_APOSTROPHE = 57978
BUCKET1 VK_P BUCKET1 VK_APOSTROPHE = 58010
#
BUCKET1 VK_S BUCKET1 VK_APOSTROPHE = 58218
BUCKET1 VK_D BUCKET1 VK_APOSTROPHE = 57946
BUCKET1 VK_F BUCKET1 VK_APOSTROPHE = 58122
BUCKET1 VK_G BUCKET1 VK_APOSTROPHE = 57898
BUCKET1 VK_H BUCKET1 VK_APOSTROPHE = 58234
BUCKET1 VK_J BUCKET1 VK_APOSTROPHE = 57930
BUCKET1 VK_K BUCKET1 VK_APOSTROPHE = 57882
BUCKET1 VK_L BUCKET1 VK_APOSTROPHE = 58074
#
BUCKET1 VK_Z BUCKET1 VK_APOSTROPHE = 58106
BUCKET1 VK_X BUCKET1 VK_APOSTROPHE = 58138
BUCKET1 VK_C BUCKET1 VK_APOSTROPHE = 57914
BUCKET1 VK_V BUCKET1 VK_APOSTROPHE = 58090
BUCKET1 VK_B BUCKET1 VK_APOSTROPHE = 57962
BUCKET1 VK_N BUCKET1 VK_APOSTROPHE = 58154
BUCKET1 VK_M BUCKET1 VK_APOSTROPHE = 58026
#
BUCKET2 VK_S BUCKET1 VK_APOSTROPHE = 58202
BUCKET2 VK_H BUCKET1 VK_APOSTROPHE = 58250
BUCKET2 VK_J BUCKET1 VK_APOSTROPHE = 58170
BUCKET2 VK_X BUCKET1 VK_APOSTROPHE = 58186
#
#
# O
BUCKET1 VK_Q BUCKET2 VK_APOSTROPHE = 57995
BUCKET1 VK_W BUCKET2 VK_APOSTROPHE = 58043
BUCKET1 VK_R BUCKET2 VK_APOSTROPHE = 58059
BUCKET1 VK_T BUCKET2 VK_APOSTROPHE = 57979
BUCKET1 VK_P BUCKET2 VK_APOSTROPHE = 58011
#
BUCKET1 VK_S BUCKET2 VK_APOSTROPHE = 58219
BUCKET1 VK_D BUCKET2 VK_APOSTROPHE = 57947
BUCKET1 VK_F BUCKET2 VK_APOSTROPHE = 58123
BUCKET1 VK_G BUCKET2 VK_APOSTROPHE = 57899
BUCKET1 VK_H BUCKET2 VK_APOSTROPHE = 58235
BUCKET1 VK_J BUCKET2 VK_APOSTROPHE = 57931
BUCKET1 VK_K BUCKET2 VK_APOSTROPHE = 57883
BUCKET1 VK_L BUCKET2 VK_APOSTROPHE = 58075
#
BUCKET1 VK_Z BUCKET2 VK_APOSTROPHE = 58107
BUCKET1 VK_X BUCKET2 VK_APOSTROPHE = 58139
BUCKET1 VK_C BUCKET2 VK_APOSTROPHE = 57915
BUCKET1 VK_V BUCKET2 VK_APOSTROPHE = 58091
BUCKET1 VK_B BUCKET2 VK_APOSTROPHE = 57963
BUCKET1 VK_N BUCKET2 VK_APOSTROPHE = 58155
BUCKET1 VK_M BUCKET2 VK_APOSTROPHE = 58027
#
#
BUCKET2 VK_S BUCKET2 VK_APOSTROPHE = 58203
BUCKET2 VK_H BUCKET2 VK_APOSTROPHE = 58251
BUCKET2 VK_J BUCKET2 VK_APOSTROPHE = 58171
BUCKET2 VK_X BUCKET2 VK_APOSTROPHE = 58187
#
# AU
#
BUCKET1 VK_Q BUCKET2 VK_MINUS = 57996
BUCKET1 VK_W BUCKET2 VK_MINUS = 58044
BUCKET1 VK_R BUCKET2 VK_MINUS = 58060
BUCKET1 VK_T BUCKET2 VK_MINUS = 57980
BUCKET1 VK_P BUCKET2 VK_MINUS = 58012
#
BUCKET1 VK_S BUCKET2 VK_MINUS = 58220
BUCKET1 VK_D BUCKET2 VK_MINUS = 57948
BUCKET1 VK_F BUCKET2 VK_MINUS = 58124
BUCKET1 VK_G BUCKET2 VK_MINUS = 57900
BUCKET1 VK_H BUCKET2 VK_MINUS = 58236
BUCKET1 VK_J BUCKET2 VK_MINUS = 57932
BUCKET1 VK_K BUCKET2 VK_MINUS = 57884
BUCKET1 VK_L BUCKET2 VK_MINUS = 58076
#
BUCKET1 VK_Z BUCKET2 VK_MINUS = 58108
BUCKET1 VK_X BUCKET2 VK_MINUS = 58140
BUCKET1 VK_C BUCKET2 VK_MINUS = 57916
BUCKET1 VK_V BUCKET2 VK_MINUS = 58092
BUCKET1 VK_B BUCKET2 VK_MINUS = 57964
BUCKET1 VK_N BUCKET2 VK_MINUS = 58156
BUCKET1 VK_M BUCKET2 VK_MINUS = 58028
#
BUCKET2 VK_S BUCKET2 VK_MINUS = 58204
BUCKET2 VK_H BUCKET2 VK_MINUS = 58252
BUCKET2 VK_J BUCKET2 VK_MINUS = 58172
BUCKET2 VK_X BUCKET2 VK_MINUS = 58188
#
# End of multiple keystroke mappings.
#
# SPECIALS
#
# Special 1 SPACE
#
# Special 2 TAB
# 
#
# END

