# KeyTransU_EngPhon.map
# EngTrans in Buckets 1 & 2. English in Buckets 3 & 4.
# VK_Space & VK_TAB used only for Thannagaram.
#
# So now for the format of the ini file. Each line is a rule.
# The character '=' seperates the  LHS and the RHS
# A line starting with a # will be discarded as a comment line.
#
# Example of a simple 1 to 1 translation:
# BUCKET1 VK_A = 2949
#
# Example of a 1 to 2 translation:
# BUCKET1 VK_BRA_OPEN = 32 3014
#
# Example of a 1 to 3 translation:
# BUCKET2 VK_J = 2965 3021 2999
#
# Example of a 1 to 4 translation:
# BUCKET3 VK_S = 3000 3021 2992 3008
#
# Example of a 2 to 2 translation:
# BUCKET1 VK_BRA_OPEN BUCKET1 VK_S = 3000 3014
#
# Example of a 2 to 4 translation:
# BUCKET1 VK_BRA_OPEN BUCKET2 VK_J = 2965 3021 2999 3014
# Start Maps for TamGram.
# EngPhon (MINI) TAMIL
# Bucket 1 First Row
BUCKET1 VK_APOSTROPHE = 96
BUCKET1 VK_1          = 49
BUCKET1 VK_2          = 50
BUCKET1 VK_3          = 51
BUCKET1 VK_4          = 52
BUCKET1 VK_5          = 53
BUCKET1 VK_6          = 54
BUCKET1 VK_7          = 55
BUCKET1 VK_8          = 56
BUCKET1 VK_9          = 57
BUCKET1 VK_0          = 48
BUCKET1 VK_MINUS      = 45
BUCKET1 VK_EQUAL      = 61
#
# Bucket 1 Second Row
BUCKET1 VK_Q          = 2947
BUCKET1 VK_W          = 2997 3021
BUCKET1 VK_E          = 2958
BUCKET1 VK_R          = 2992 3021
BUCKET1 VK_T          = 2975 3021
BUCKET1 VK_Y          = 2991 3021
BUCKET1 VK_U          = 2953
BUCKET1 VK_I          = 2951
BUCKET1 VK_O          = 2962
BUCKET1 VK_P          = 2986 3021
BUCKET1 VK_BRA_OPEN   = 91
BUCKET1 VK_BRA_CLOSE  = 93
BUCKET1 VK_BACK_SLASH = 92
#
# Bucket 1 Third Row
BUCKET1 VK_A          = 2949
BUCKET1 VK_S          = 2970 3021
BUCKET1 VK_D          = 2975 3021
BUCKET1 VK_F          = 2947 2986 3021
BUCKET1 VK_G          = 2965 3021
BUCKET1 VK_H          = 2965 3021
BUCKET1 VK_J          = 2972 3021
BUCKET1 VK_K          = 2965 3021
BUCKET1 VK_L          = 2994 3021
BUCKET1 VK_COLON      = 59
BUCKET1 VK_QUOTES     = 39
#
# Bucket 1 Fourth Row
BUCKET1 VK_Z          = 2996 3021
BUCKET1 VK_X          = 2984 3021
BUCKET1 VK_C          = 2965 3021
BUCKET1 VK_V          = 2997 3021
BUCKET1 VK_B          = 2986 3021
BUCKET1 VK_N          = 2985 3021
BUCKET1 VK_M          = 2990 3021
BUCKET1 VK_COMMA      = 44
BUCKET1 VK_DOT        = 46
BUCKET1 VK_FOR_SLASH  = 47
#
# Bucket 2 First Row
BUCKET2 VK_APOSTROPHE = 126
BUCKET2	VK_1		= 33
BUCKET2 VK_2		= 64
BUCKET2 VK_3		= 35
BUCKET2 VK_4    = 36
BUCKET2 VK_5    = 37
BUCKET2 VK_6    = 94
BUCKET2	VK_7		= 38
BUCKET2	VK_8		= 42
BUCKET2	VK_9		= 40
BUCKET2	VK_0		= 41
BUCKET2 VK_MINUS  = 95
BUCKET2	VK_EQUAL	= 43
#
# Bucket 2 Second Row
BUCKET2 VK_Q    = 2965 3021 2999
BUCKET2 VK_W    = 3063
BUCKET2 VK_E    = 2959
BUCKET2 VK_R    = 2993 3021
BUCKET2 VK_T    = 3064
BUCKET2 VK_Y    = 3000 3021 2992 3008
BUCKET2 VK_U		= 2954
BUCKET2 VK_I    = 2952
BUCKET2 VK_O		= 2963
BUCKET2 VK_P    = 3062
BUCKET2 VK_BRA_OPEN = 123
BUCKET2 VK_BRA_CLOSE    = 125
BUCKET2 VK_BACK_SLASH = 124
#
# Bucket 2 Third Row
BUCKET2	VK_A		= 2950
BUCKET2 VK_S    = 3000 3021
BUCKET2 VK_D    = 3059
BUCKET2 VK_F    = 3060
BUCKET2 VK_G    = 3061
BUCKET2 VK_H    = 3001 3021
BUCKET2 VK_J    = 3066
BUCKET2 VK_K    = 3065
BUCKET2 VK_L    = 2995 3021
BUCKET2	VK_COLON	= 58
BUCKET2	VK_QUOTES	= 34
#
# Bucket 2 Fourth Row
BUCKET2 VK_Z    = 3024
BUCKET2 VK_X    = 2998 3021
BUCKET2 VK_C    = 8224
BUCKET2 VK_V    = 8225
BUCKET2 VK_B    = 167
BUCKET2 VK_N    = 2979 3021
BUCKET2 VK_M    = 182
BUCKET2 VK_COMMA  = 60
BUCKET2 VK_DOT    = 62
BUCKET2 VK_FOR_SLASH  = 63
#
# ENGLISH
# Bucket 3 First Row
BUCKET3 VK_1 = 3047
BUCKET3 VK_2 = 3048
BUCKET3 VK_3 = 3049
BUCKET3 VK_4 = 3050
BUCKET3 VK_5 = 3051
BUCKET3 VK_6 = 3052
BUCKET3 VK_7 = 3053
BUCKET3 VK_8 = 3054
BUCKET3 VK_9 = 3055
BUCKET3 VK_0 = 3046
# Bucket3 Rows 2, 3, & 4.
BUCKET3 VK_A = 97
BUCKET3 VK_B = 98
BUCKET3 VK_C = 99
BUCKET3 VK_D = 100
BUCKET3 VK_E = 101
BUCKET3 VK_F = 102
BUCKET3 VK_G = 103
BUCKET3 VK_H = 104
BUCKET3 VK_I = 105
BUCKET3 VK_J = 106
BUCKET3 VK_K = 107
BUCKET3 VK_L = 108
BUCKET3 VK_M = 109
BUCKET3 VK_N = 110
BUCKET3 VK_O = 111
BUCKET3 VK_P = 112
BUCKET3 VK_Q = 113
BUCKET3 VK_R = 114
BUCKET3 VK_S = 115
BUCKET3 VK_T = 116
BUCKET3 VK_U = 117
BUCKET3 VK_V = 118
BUCKET3 VK_W = 119
BUCKET3 VK_X = 120
BUCKET3 VK_Y = 121
BUCKET3 VK_Z = 122
#
BUCKET3 VK_COMMA = 60
BUCKET3 VK_DOT = 62
BUCKET3 VK_FOR_SLASH = 63
#
# Bucket 4 Rows 2, 3 & 4.
BUCKET4 VK_A = 65
BUCKET4 VK_B = 66
BUCKET4 VK_C = 67
BUCKET4 VK_D = 68
BUCKET4 VK_E = 69
BUCKET4 VK_F = 70
BUCKET4 VK_G = 71
BUCKET4 VK_H = 72
BUCKET4 VK_I = 73
BUCKET4 VK_J = 74
BUCKET4 VK_K = 75
BUCKET4 VK_L = 76
BUCKET4 VK_M = 77
BUCKET4 VK_N = 78
BUCKET4 VK_O = 79
BUCKET4 VK_P = 80
BUCKET4 VK_Q = 81
BUCKET4 VK_R = 82
BUCKET4 VK_S = 83
BUCKET4 VK_T = 84
BUCKET4 VK_U = 85
BUCKET4 VK_V = 86
BUCKET4 VK_W = 87
BUCKET4 VK_X = 88
BUCKET4 VK_Y = 89
BUCKET4 VK_Z = 90
#
# End of single keystroke mappings.
# Beginning of multiple keystroke mappings.
# Vowels
BUCKET1 VK_A BUCKET1 VK_A = 2950
BUCKET1 VK_I BUCKET1 VK_I = 2952
BUCKET1 VK_U BUCKET1 VK_U = 2954
BUCKET1 VK_E BUCKET1 VK_E = 2959
BUCKET1 VK_A BUCKET1 VK_I = 2960
BUCKET1 VK_O BUCKET1 VK_O = 2963
BUCKET1 VK_A BUCKET1 VK_U = 2964
#
#Consonants
BUCKET1 VK_C BUCKET1 VK_H = 2970 3021
BUCKET1 VK_D BUCKET1 VK_H = 2975 3021
BUCKET1 VK_T BUCKET1 VK_H = 2980 3021
BUCKET1 VK_B BUCKET1 VK_H = 2986 3021
BUCKET1 VK_T BUCKET1 VK_R = 2993 3021
BUCKET1 VK_N BUCKET1 VK_G = 2969 3021
BUCKET1 VK_N BUCKET1 VK_J = 2974 3021
BUCKET1 VK_SPACE BUCKET1 VK_N = 32 2984 3021
BUCKET1 VK_TAB BUCKET1 VK_N = 9 2984 3021
BUCKET1 VK_S BUCKET1 VK_H = 2999 3021
#
# Context thanna 
BUCKET1 VK_N BUCKET1 VK_T BUCKET1 VK_H = 2984 3021 2980 3021
#
# Aitham
BUCKET1 VK_P BUCKET1 VK_H = 2947 2986 3021
BUCKET1 VK_H BUCKET1 VK_K = 2947 2965 3021
BUCKET1 VK_H BUCKET2 VK_R = 2947 2993 3021
# 
# START UIRMEIs
# a
BUCKET1 VK_H BUCKET1 VK_A = 2965
BUCKET1 VK_C BUCKET1 VK_A = 2965
BUCKET1 VK_G BUCKET1 VK_A = 2965
BUCKET1 VK_K BUCKET1 VK_A = 2965
BUCKET1 VK_S BUCKET1 VK_A = 2970
BUCKET1 VK_C BUCKET1 VK_H BUCKET1 VK_A = 2970
BUCKET1 VK_D BUCKET1 VK_A = 2975
BUCKET1 VK_D BUCKET1 VK_H BUCKET1 VK_A = 2975
BUCKET1 VK_T BUCKET1 VK_A = 2975
BUCKET1 VK_T BUCKET1 VK_H BUCKET1 VK_A = 2980
BUCKET1 VK_P BUCKET1 VK_A = 2986
BUCKET1 VK_B BUCKET1 VK_A = 2986
BUCKET1 VK_B BUCKET1 VK_H BUCKET1 VK_A = 2986
BUCKET2 VK_R BUCKET1 VK_A = 2993
BUCKET1 VK_T BUCKET1 VK_R BUCKET1 VK_A = 2993
#
BUCKET1 VK_Y BUCKET1 VK_A = 2991
BUCKET1 VK_R BUCKET1 VK_A = 2992
BUCKET1 VK_L BUCKET1 VK_A = 2994
BUCKET1 VK_V BUCKET1 VK_A = 2997
BUCKET1 VK_W BUCKET1 VK_A = 2997
BUCKET1 VK_Z BUCKET1 VK_A = 2996
BUCKET2 VK_L BUCKET1 VK_A = 2995
#
BUCKET1 VK_N BUCKET1 VK_G BUCKET1 VK_A = 2969
BUCKET1 VK_N BUCKET1 VK_J BUCKET1 VK_A = 2974
BUCKET2 VK_N BUCKET1 VK_A = 2979
BUCKET1 VK_X BUCKET1 VK_A = 2984
BUCKET1 VK_SPACE BUCKET1 VK_N BUCKET1 VK_A = 32 2984
BUCKET1 VK_TAB BUCKET1 VK_N BUCKET1 VK_A = 9 2984
BUCKET1 VK_M BUCKET1 VK_A = 2990
BUCKET1 VK_N BUCKET1 VK_A = 2985
#
BUCKET1 VK_J BUCKET1 VK_A = 2972
BUCKET2 VK_S BUCKET1 VK_A = 3000
BUCKET1 VK_S BUCKET1 VK_H BUCKET1 VK_A = 2999
BUCKET2 VK_H BUCKET1 VK_A = 3001
#
#
BUCKET1 VK_F BUCKET1 VK_A = 2947 2986
BUCKET1 VK_P BUCKET1 VK_H BUCKET1 VK_A = 2947 2986
BUCKET1 VK_H BUCKET1 VK_K BUCKET1 VK_A = 2947 2965
BUCKET1 VK_H BUCKET2 VK_R BUCKET1 VK_A = 2947 2993
#
# A
BUCKET1 VK_H BUCKET2 VK_A = 2965 3006
BUCKET1 VK_C BUCKET2 VK_A = 2965 3006
BUCKET1 VK_G BUCKET2 VK_A = 2965 3006
BUCKET1 VK_K BUCKET2 VK_A = 2965 3006
BUCKET1 VK_S BUCKET2 VK_A = 2970 3006
BUCKET1 VK_C BUCKET1 VK_H BUCKET2 VK_A = 2970 3006
BUCKET1 VK_D BUCKET2 VK_A = 2975 3006
BUCKET1 VK_D BUCKET1 VK_H BUCKET2 VK_A = 2975 3006
BUCKET1 VK_T BUCKET2 VK_A = 2975 3006
BUCKET1 VK_T BUCKET1 VK_H BUCKET2 VK_A = 2980 3006
BUCKET1 VK_P BUCKET2 VK_A = 2986 3006
BUCKET1 VK_B BUCKET2 VK_A = 2986 3006
BUCKET1 VK_B BUCKET1 VK_H BUCKET2 VK_A = 2986 3006
BUCKET2 VK_R BUCKET2 VK_A = 2993 3006
BUCKET1 VK_T BUCKET1 VK_R BUCKET2 VK_A = 2993 3006
#
BUCKET1 VK_Y BUCKET2 VK_A = 2991 3006
BUCKET1 VK_R BUCKET2 VK_A = 2992 3006
BUCKET1 VK_L BUCKET2 VK_A = 2994 3006
BUCKET1 VK_V BUCKET2 VK_A = 2997 3006
BUCKET1 VK_W BUCKET2 VK_A = 2997 3006
BUCKET1 VK_Z BUCKET2 VK_A = 2996 3006
BUCKET2 VK_L BUCKET2 VK_A = 2995 3006
#
BUCKET1 VK_N BUCKET1 VK_G BUCKET2 VK_A = 2969 3006
BUCKET1 VK_N BUCKET1 VK_J BUCKET2 VK_A = 2974 3006
BUCKET2 VK_N BUCKET2 VK_A = 2979 3006
BUCKET1 VK_X BUCKET2 VK_A = 2984 3006
BUCKET1 VK_SPACE BUCKET1 VK_N BUCKET2 VK_A = 32 2984 3006
BUCKET1 VK_TAB BUCKET1 VK_N BUCKET2 VK_A = 9 2984 3006
BUCKET1 VK_M BUCKET2 VK_A = 2990 3006
BUCKET1 VK_N BUCKET2 VK_A = 2985 3006
#
BUCKET1 VK_J BUCKET2 VK_A = 2972 3006
BUCKET2 VK_S BUCKET2 VK_A = 3000 3006
BUCKET1 VK_S BUCKET1 VK_H BUCKET2 VK_A = 2999 3006
BUCKET2 VK_H BUCKET2 VK_A = 3001 3006
#
BUCKET1 VK_F BUCKET2 VK_A = 2947 2986 3006
BUCKET1 VK_P BUCKET1 VK_H BUCKET2 VK_A = 2947 2986 3006
BUCKET1 VK_H BUCKET1 VK_K BUCKET2 VK_A = 2947 2965 3006
BUCKET1 VK_H BUCKET2 VK_R BUCKET2 VK_A = 2947 2993 3006
# aa
BUCKET1 VK_H BUCKET1 VK_A BUCKET1 VK_A = 2965 3006
BUCKET1 VK_C BUCKET1 VK_A BUCKET1 VK_A = 2965 3006
BUCKET1 VK_G BUCKET1 VK_A BUCKET1 VK_A = 2965 3006
BUCKET1 VK_K BUCKET1 VK_A BUCKET1 VK_A = 2965 3006
BUCKET1 VK_S BUCKET1 VK_A BUCKET1 VK_A = 2970 3006
BUCKET1 VK_C BUCKET1 VK_H BUCKET1 VK_A BUCKET1 VK_A = 2970 3006
BUCKET1 VK_D BUCKET1 VK_A BUCKET1 VK_A = 2975 3006
BUCKET1 VK_D BUCKET1 VK_H BUCKET1 VK_A BUCKET1 VK_A = 2975 3006
BUCKET1 VK_T BUCKET1 VK_A BUCKET1 VK_A = 2975 3006
BUCKET1 VK_T BUCKET1 VK_H BUCKET1 VK_A BUCKET1 VK_A = 2980 3006
BUCKET1 VK_P BUCKET1 VK_A BUCKET1 VK_A = 2986 3006
BUCKET1 VK_B BUCKET1 VK_A BUCKET1 VK_A = 2986 3006
BUCKET1 VK_B BUCKET1 VK_H BUCKET1 VK_A BUCKET1 VK_A = 2986 3006
BUCKET2 VK_R BUCKET1 VK_A BUCKET1 VK_A = 2993 3006
BUCKET1 VK_T BUCKET1 VK_R BUCKET1 VK_A BUCKET1 VK_A = 2993 3006
#
BUCKET1 VK_Y BUCKET1 VK_A BUCKET1 VK_A = 2991 3006
BUCKET1 VK_R BUCKET1 VK_A BUCKET1 VK_A = 2992 3006
BUCKET1 VK_L BUCKET1 VK_A BUCKET1 VK_A = 2994 3006
BUCKET1 VK_V BUCKET1 VK_A BUCKET1 VK_A = 2997 3006
BUCKET1 VK_W BUCKET1 VK_A BUCKET1 VK_A = 2997 3006
BUCKET1 VK_Z BUCKET1 VK_A BUCKET1 VK_A = 2996 3006
BUCKET2 VK_L BUCKET1 VK_A BUCKET1 VK_A = 2995 3006
#
BUCKET1 VK_N BUCKET1 VK_G BUCKET1 VK_A BUCKET1 VK_A = 2969 3006
BUCKET1 VK_N BUCKET1 VK_J BUCKET1 VK_A BUCKET1 VK_A = 2974 3006
BUCKET2 VK_N BUCKET1 VK_A BUCKET1 VK_A = 2979 3006
BUCKET1 VK_X BUCKET1 VK_A BUCKET1 VK_A = 2984 3006
BUCKET1 VK_SPACE BUCKET1 VK_N BUCKET1 VK_A BUCKET1 VK_A = 32 2984 3006
BUCKET1 VK_TAB BUCKET1 VK_N BUCKET1 VK_A BUCKET1 VK_A = 9 2984 3006
BUCKET1 VK_M BUCKET1 VK_A BUCKET1 VK_A = 2990 3006
BUCKET1 VK_N BUCKET1 VK_A BUCKET1 VK_A = 2985 3006
#
BUCKET1 VK_J BUCKET1 VK_A BUCKET1 VK_A = 2972 3006
BUCKET2 VK_S BUCKET1 VK_A BUCKET1 VK_A = 3000 3006
BUCKET1 VK_S BUCKET1 VK_H BUCKET1 VK_A BUCKET1 VK_A = 2999 3006
BUCKET2 VK_H BUCKET1 VK_A BUCKET1 VK_A = 3001 3006
#
BUCKET1 VK_F BUCKET1 VK_A BUCKET1 VK_A = 2947 2986 3006
BUCKET1 VK_P BUCKET1 VK_H BUCKET1 VK_A BUCKET1 VK_A = 2947 2986 3006
BUCKET1 VK_H BUCKET1 VK_K BUCKET1 VK_A BUCKET1 VK_A = 2947 2965 3006
BUCKET1 VK_H BUCKET2 VK_R BUCKET1 VK_A BUCKET1 VK_A = 2947 2993 3006
#
# i
BUCKET1 VK_H BUCKET1 VK_I = 2965 3007
BUCKET1 VK_C BUCKET1 VK_I = 2965 3007
BUCKET1 VK_G BUCKET1 VK_I = 2965 3007
BUCKET1 VK_K BUCKET1 VK_I = 2965 3007
BUCKET1 VK_S BUCKET1 VK_I = 2970 3007
BUCKET1 VK_C BUCKET1 VK_H BUCKET1 VK_I = 2970 3007
BUCKET1 VK_D BUCKET1 VK_I = 2975 3007
BUCKET1 VK_D BUCKET1 VK_H BUCKET1 VK_I = 2975 3007
BUCKET1 VK_T BUCKET1 VK_I = 2975 3007
BUCKET1 VK_T BUCKET1 VK_H BUCKET1 VK_I = 2980 3007
BUCKET1 VK_P BUCKET1 VK_I = 2986 3007
BUCKET1 VK_B BUCKET1 VK_I = 2986 3007
BUCKET1 VK_B BUCKET1 VK_H BUCKET1 VK_I = 2986 3007
BUCKET2 VK_R BUCKET1 VK_I = 2993 3007
BUCKET1 VK_T BUCKET1 VK_R BUCKET1 VK_I = 2993 3007
#
BUCKET1 VK_Y BUCKET1 VK_I = 2991 3007
BUCKET1 VK_R BUCKET1 VK_I = 2992 3007
BUCKET1 VK_L BUCKET1 VK_I = 2994 3007
BUCKET1 VK_V BUCKET1 VK_I = 2997 3007
BUCKET1 VK_W BUCKET1 VK_I = 2997 3007
BUCKET1 VK_Z BUCKET1 VK_I = 2996 3007
BUCKET2 VK_L BUCKET1 VK_I = 2995 3007
#
BUCKET1 VK_N BUCKET1 VK_G BUCKET1 VK_I = 2969 3007
BUCKET1 VK_N BUCKET1 VK_J BUCKET1 VK_I = 2974 3007
BUCKET2 VK_N BUCKET1 VK_I = 2979 3007
BUCKET1 VK_X BUCKET1 VK_I = 2984 3007
BUCKET1 VK_SPACE BUCKET1 VK_N BUCKET1 VK_I = 32 2984 3007
BUCKET1 VK_TAB BUCKET1 VK_N BUCKET1 VK_I = 9 2984 3007
BUCKET1 VK_M BUCKET1 VK_I = 2990 3007
BUCKET1 VK_N BUCKET1 VK_I = 2985 3007
#
BUCKET1 VK_J BUCKET1 VK_I = 2972 3007
BUCKET2 VK_S BUCKET1 VK_I = 3000 3007
BUCKET1 VK_S BUCKET1 VK_H BUCKET1 VK_I = 2999 3007
BUCKET2 VK_H BUCKET1 VK_I = 3001 3007
#
BUCKET1 VK_F BUCKET1 VK_I = 2947 2986 3007
BUCKET1 VK_P BUCKET1 VK_H BUCKET1 VK_I = 2947 2986 3007
BUCKET1 VK_H BUCKET1 VK_K BUCKET1 VK_I = 2947 2965 3007
BUCKET1 VK_H BUCKET2 VK_R BUCKET1 VK_I = 2947 2993 3007
#
# I
BUCKET1 VK_H BUCKET2 VK_I = 2965 3008
BUCKET1 VK_C BUCKET2 VK_I = 2965 3008
BUCKET1 VK_G BUCKET2 VK_I = 2965 3008
BUCKET1 VK_K BUCKET2 VK_I = 2965 3008
BUCKET1 VK_S BUCKET2 VK_I = 2970 3008
BUCKET1 VK_C BUCKET1 VK_H BUCKET2 VK_I = 2970 3008
BUCKET1 VK_D BUCKET2 VK_I = 2975 3008
BUCKET1 VK_D BUCKET1 VK_H BUCKET2 VK_I = 2975 3008
BUCKET1 VK_T BUCKET2 VK_I = 2975 3008
BUCKET1 VK_T BUCKET1 VK_H BUCKET2 VK_I = 2980 3008
BUCKET1 VK_P BUCKET2 VK_I = 2986 3008
BUCKET1 VK_B BUCKET2 VK_I = 2986 3008
BUCKET1 VK_B BUCKET1 VK_H BUCKET2 VK_I = 2986 3008
BUCKET2 VK_R BUCKET2 VK_I = 2993 3008
BUCKET1 VK_T BUCKET1 VK_R BUCKET2 VK_I = 2993 3008
#
BUCKET1 VK_Y BUCKET2 VK_I = 2991 3008
BUCKET1 VK_R BUCKET2 VK_I = 2992 3008
BUCKET1 VK_L BUCKET2 VK_I = 2994 3008
BUCKET1 VK_V BUCKET2 VK_I = 2997 3008
BUCKET1 VK_W BUCKET2 VK_I = 2997 3008
BUCKET1 VK_Z BUCKET2 VK_I = 2996 3008
BUCKET2 VK_L BUCKET2 VK_I = 2995 3008
#
BUCKET1 VK_N BUCKET1 VK_G BUCKET2 VK_I = 2969 3008
BUCKET1 VK_N BUCKET1 VK_J BUCKET2 VK_I = 2974 3008
BUCKET2 VK_N BUCKET2 VK_I = 2979 3008
BUCKET1 VK_X BUCKET2 VK_I = 2984 3008
BUCKET1 VK_SPACE BUCKET1 VK_N BUCKET2 VK_I = 32 2984 3008
BUCKET1 VK_TAB BUCKET1 VK_N BUCKET2 VK_I = 9 2984 3008
BUCKET1 VK_M BUCKET2 VK_I = 2990 3008
BUCKET1 VK_N BUCKET2 VK_I = 2985 3008
#
BUCKET1 VK_J BUCKET2 VK_I = 2972 3008
BUCKET2 VK_S BUCKET2 VK_I = 3000 3008
BUCKET1 VK_S BUCKET1 VK_H BUCKET2 VK_I = 2999 3008
BUCKET2 VK_H BUCKET2 VK_I = 3001 3008
#
BUCKET1 VK_F BUCKET2 VK_I = 2947 2986 3008
BUCKET1 VK_P BUCKET1 VK_H BUCKET1 VK_I = 2947 2986 3008
BUCKET1 VK_H BUCKET1 VK_K BUCKET2 VK_I = 2947 2965 3008
BUCKET1 VK_H BUCKET2 VK_R BUCKET2 VK_I = 2947 2993 3008
#
# ii
BUCKET1 VK_H BUCKET1 VK_I BUCKET1 VK_I = 2965 3008
BUCKET1 VK_C BUCKET1 VK_I BUCKET1 VK_I = 2965 3008
BUCKET1 VK_G BUCKET1 VK_I BUCKET1 VK_I = 2965 3008
BUCKET1 VK_K BUCKET1 VK_I BUCKET1 VK_I = 2965 3008
BUCKET1 VK_S BUCKET1 VK_I BUCKET1 VK_I = 2970 3008
BUCKET1 VK_C BUCKET1 VK_H BUCKET1 VK_I BUCKET1 VK_I = 2970 3008
BUCKET1 VK_D BUCKET1 VK_I BUCKET1 VK_I = 2975 3008
BUCKET1 VK_D BUCKET1 VK_H BUCKET1 VK_I BUCKET1 VK_I = 2975 3008
BUCKET1 VK_T BUCKET1 VK_I BUCKET1 VK_I = 2975 3008
BUCKET1 VK_T BUCKET1 VK_H BUCKET1 VK_I BUCKET1 VK_I = 2980 3008
BUCKET1 VK_P BUCKET1 VK_I BUCKET1 VK_I = 2986 3008
BUCKET1 VK_B BUCKET1 VK_I BUCKET1 VK_I = 2986 3008
BUCKET1 VK_B BUCKET1 VK_H BUCKET1 VK_I BUCKET1 VK_I = 2986 3008
BUCKET2 VK_R BUCKET1 VK_I BUCKET1 VK_I = 2993 3008
BUCKET1 VK_T BUCKET1 VK_R BUCKET1 VK_I BUCKET1 VK_I = 2993 3008
#
BUCKET1 VK_Y BUCKET1 VK_I BUCKET1 VK_I = 2991 3008
BUCKET1 VK_R BUCKET1 VK_I BUCKET1 VK_I = 2992 3008
BUCKET1 VK_L BUCKET1 VK_I BUCKET1 VK_I = 2994 3008
BUCKET1 VK_V BUCKET1 VK_I BUCKET1 VK_I = 2997 3008
BUCKET1 VK_W BUCKET1 VK_I BUCKET1 VK_I = 2997 3008
BUCKET1 VK_Z BUCKET1 VK_I BUCKET1 VK_I = 2996 3008
BUCKET2 VK_L BUCKET1 VK_I BUCKET1 VK_I = 2995 3008
#
BUCKET1 VK_N BUCKET1 VK_G BUCKET1 VK_I BUCKET1 VK_I = 2969 3008
BUCKET1 VK_N BUCKET1 VK_J BUCKET1 VK_I BUCKET1 VK_I = 2974 3008
BUCKET2 VK_N BUCKET1 VK_I BUCKET1 VK_I = 2979 3008
BUCKET1 VK_X BUCKET1 VK_I BUCKET1 VK_I = 2984 3008
BUCKET1 VK_SPACE BUCKET1 VK_N BUCKET1 VK_I BUCKET1 VK_I = 32 2984 3008
BUCKET1 VK_TAB BUCKET1 VK_N BUCKET1 VK_I BUCKET1 VK_I = 9 2984 3008
BUCKET1 VK_M BUCKET1 VK_I BUCKET1 VK_I = 2990 3008
BUCKET1 VK_N BUCKET1 VK_I BUCKET1 VK_I = 2985 3008
#
BUCKET1 VK_J BUCKET1 VK_I BUCKET1 VK_I = 2972 3008
BUCKET2 VK_S BUCKET1 VK_I BUCKET1 VK_I = 3000 3008
BUCKET1 VK_S BUCKET1 VK_H BUCKET1 VK_I BUCKET1 VK_I = 2999 3008
BUCKET2 VK_H BUCKET1 VK_I BUCKET1 VK_I = 3001 3008
#
BUCKET1 VK_F BUCKET1 VK_I BUCKET1 VK_I = 2947 2986 3008
BUCKET1 VK_P BUCKET1 VK_H BUCKET1 VK_I BUCKET1 VK_I = 2947 2986 3008
BUCKET1 VK_H BUCKET1 VK_K BUCKET1 VK_I BUCKET1 VK_I = 2947 2965 3008
BUCKET1 VK_H BUCKET2 VK_R BUCKET1 VK_I BUCKET1 VK_I = 2947 2993 3008
#
# u
BUCKET1 VK_H BUCKET1 VK_U = 2965 3009
BUCKET1 VK_C BUCKET1 VK_U = 2965 3009
BUCKET1 VK_G BUCKET1 VK_U = 2965 3009
BUCKET1 VK_K BUCKET1 VK_U = 2965 3009
BUCKET1 VK_S BUCKET1 VK_U = 2970 3009
BUCKET1 VK_C BUCKET1 VK_H BUCKET1 VK_U = 2970 3009
BUCKET1 VK_D BUCKET1 VK_U = 2975 3009
BUCKET1 VK_D BUCKET1 VK_H BUCKET1 VK_U = 2975 3009
BUCKET1 VK_T BUCKET1 VK_U = 2975 3009
BUCKET1 VK_T BUCKET1 VK_H BUCKET1 VK_U = 2980 3009
BUCKET1 VK_P BUCKET1 VK_U = 2986 3009
BUCKET1 VK_B BUCKET1 VK_U = 2986 3009
BUCKET1 VK_B BUCKET1 VK_H BUCKET1 VK_U = 2986 3009
BUCKET2 VK_R BUCKET1 VK_U = 2993 3009
BUCKET1 VK_T BUCKET1 VK_R BUCKET1 VK_U = 2993 3009
#
BUCKET1 VK_Y BUCKET1 VK_U = 2991 3009
BUCKET1 VK_R BUCKET1 VK_U = 2992 3009
BUCKET1 VK_L BUCKET1 VK_U = 2994 3009
BUCKET1 VK_V BUCKET1 VK_U = 2997 3009
BUCKET1 VK_W BUCKET1 VK_U = 2997 3009
BUCKET1 VK_Z BUCKET1 VK_U = 2996 3009
BUCKET2 VK_L BUCKET1 VK_U = 2995 3009
#
BUCKET1 VK_N BUCKET1 VK_G BUCKET1 VK_U = 2969 3009
BUCKET1 VK_N BUCKET1 VK_J BUCKET1 VK_U = 2974 3009
BUCKET2 VK_N BUCKET1 VK_U = 2979 3009
BUCKET1 VK_X BUCKET1 VK_U = 2984 3009
BUCKET1 VK_SPACE BUCKET1 VK_N BUCKET1 VK_U = 32 2984 3009
BUCKET1 VK_TAB BUCKET1 VK_N BUCKET1 VK_U = 9 2984 3009
BUCKET1 VK_M BUCKET1 VK_U = 2990 3009
BUCKET1 VK_N BUCKET1 VK_U = 2985 3009
#
BUCKET1 VK_J BUCKET1 VK_U = 2972 3009
BUCKET2 VK_S BUCKET1 VK_U = 3000 3009
BUCKET1 VK_S BUCKET1 VK_H BUCKET1 VK_U = 2999 3009
BUCKET2 VK_H BUCKET1 VK_U = 3001 3009
#
BUCKET1 VK_F BUCKET1 VK_U = 2947 2986 3009
BUCKET1 VK_P BUCKET1 VK_H BUCKET1 VK_U = 2947 2986 3009
BUCKET1 VK_H BUCKET1 VK_K BUCKET1 VK_U = 2947 2965 3009
BUCKET1 VK_H BUCKET2 VK_R BUCKET1 VK_U = 2947 2993 3009
# U
BUCKET1 VK_H BUCKET2 VK_U = 2965 3010
BUCKET1 VK_C BUCKET2 VK_U = 2965 3010
BUCKET1 VK_G BUCKET2 VK_U = 2965 3010
BUCKET1 VK_K BUCKET2 VK_U = 2965 3010
BUCKET1 VK_S BUCKET2 VK_U = 2970 3010
BUCKET1 VK_C BUCKET1 VK_H BUCKET2 VK_U = 2970 3010
BUCKET1 VK_D BUCKET2 VK_U = 2975 3010
BUCKET1 VK_D BUCKET1 VK_H BUCKET2 VK_U = 2975 3010
BUCKET1 VK_T BUCKET2 VK_U = 2975 3010
BUCKET1 VK_T BUCKET1 VK_H BUCKET2 VK_U = 2980 3010
BUCKET1 VK_P BUCKET2 VK_U = 2986 3010
BUCKET1 VK_B BUCKET2 VK_U = 2986 3010
BUCKET1 VK_B BUCKET1 VK_H BUCKET2 VK_U = 2986 3010
BUCKET2 VK_R BUCKET2 VK_U = 2993 3010
BUCKET1 VK_T BUCKET1 VK_R BUCKET2 VK_U = 2993 3010
#
BUCKET1 VK_Y BUCKET2 VK_U = 2991 3010
BUCKET1 VK_R BUCKET2 VK_U = 2992 3010
BUCKET1 VK_L BUCKET2 VK_U = 2994 3010
BUCKET1 VK_V BUCKET2 VK_U = 2997 3010
BUCKET1 VK_W BUCKET2 VK_U = 2997 3010
BUCKET1 VK_Z BUCKET2 VK_U = 2996 3010
BUCKET2 VK_L BUCKET2 VK_U = 2995 3010
#
BUCKET1 VK_N BUCKET1 VK_G BUCKET2 VK_U = 2969 3010
BUCKET1 VK_N BUCKET1 VK_J BUCKET2 VK_U = 2974 3010
BUCKET2 VK_N BUCKET2 VK_U = 2979 3010
BUCKET1 VK_X BUCKET2 VK_U = 2984 3010
BUCKET1 VK_SPACE BUCKET1 VK_N BUCKET2 VK_U = 32 2984 3010
BUCKET1 VK_TAB BUCKET1 VK_N BUCKET2 VK_U = 9 2984 3010
BUCKET1 VK_M BUCKET2 VK_U = 2990 3010
BUCKET1 VK_N BUCKET2 VK_U = 2985 3010
#
BUCKET1 VK_J BUCKET2 VK_U = 2972 3010
BUCKET2 VK_S BUCKET2 VK_U = 3000 3010
BUCKET1 VK_S BUCKET1 VK_H BUCKET2 VK_U = 2999 3010
BUCKET2 VK_H BUCKET2 VK_U = 3001 3010
#
BUCKET1 VK_F BUCKET2 VK_U = 2947 2986 3010
BUCKET1 VK_P BUCKET1 VK_H BUCKET2 VK_U = 2947 2986 3010
BUCKET1 VK_H BUCKET1 VK_K BUCKET2 VK_U = 2947 2965 3010
BUCKET1 VK_H BUCKET2 VK_R BUCKET2 VK_U = 2947 2993 3010
# uu
BUCKET1 VK_H BUCKET1 VK_U BUCKET1 VK_U = 2965 3010
BUCKET1 VK_C BUCKET1 VK_U BUCKET1 VK_U = 2965 3010
BUCKET1 VK_G BUCKET1 VK_U BUCKET1 VK_U = 2965 3010
BUCKET1 VK_K BUCKET1 VK_U BUCKET1 VK_U = 2965 3010
BUCKET1 VK_S BUCKET1 VK_U BUCKET1 VK_U = 2970 3010
BUCKET1 VK_C BUCKET1 VK_H BUCKET1 VK_U BUCKET1 VK_U = 2970 3010
BUCKET1 VK_D BUCKET1 VK_U BUCKET1 VK_U = 2975 3010
BUCKET1 VK_D BUCKET1 VK_H BUCKET1 VK_U BUCKET1 VK_U = 2975 3010
BUCKET1 VK_T BUCKET1 VK_U BUCKET1 VK_U = 2975 3010
BUCKET1 VK_T BUCKET1 VK_H BUCKET1 VK_U BUCKET1 VK_U = 2980 3010
BUCKET1 VK_P BUCKET1 VK_U BUCKET1 VK_U = 2986 3010
BUCKET1 VK_B BUCKET1 VK_U BUCKET1 VK_U = 2986 3010
BUCKET1 VK_B BUCKET1 VK_H BUCKET1 VK_U BUCKET1 VK_U = 2986 3010
BUCKET2 VK_R BUCKET1 VK_U BUCKET1 VK_U = 2993 3010
BUCKET1 VK_T BUCKET1 VK_R BUCKET1 VK_U BUCKET1 VK_U = 2993 3010
#
BUCKET1 VK_Y BUCKET1 VK_U BUCKET1 VK_U = 2991 3010
BUCKET1 VK_R BUCKET1 VK_U BUCKET1 VK_U = 2992 3010
BUCKET1 VK_L BUCKET1 VK_U BUCKET1 VK_U = 2994 3010
BUCKET1 VK_V BUCKET1 VK_U BUCKET1 VK_U = 2997 3010
BUCKET1 VK_W BUCKET1 VK_U BUCKET1 VK_U = 2997 3010
BUCKET1 VK_Z BUCKET1 VK_U BUCKET1 VK_U = 2996 3010
BUCKET2 VK_L BUCKET1 VK_U BUCKET1 VK_U = 2995 3010
#
BUCKET1 VK_N BUCKET1 VK_G BUCKET1 VK_U BUCKET1 VK_U = 2969 3010
BUCKET1 VK_N BUCKET1 VK_J BUCKET1 VK_U BUCKET1 VK_U = 2974 3010
BUCKET2 VK_N BUCKET1 VK_U BUCKET1 VK_U = 2979 3010
BUCKET1 VK_X BUCKET1 VK_U BUCKET1 VK_U = 2984 3010
BUCKET1 VK_SPACE BUCKET1 VK_N BUCKET1 VK_U BUCKET1 VK_U = 32 2984 3010
BUCKET1 VK_TAB BUCKET1 VK_N BUCKET1 VK_U BUCKET1 VK_U = 9 2984 3010
BUCKET1 VK_M BUCKET1 VK_U BUCKET1 VK_U = 2990 3010
BUCKET1 VK_N BUCKET1 VK_U BUCKET1 VK_U = 2985 3010
#
BUCKET1 VK_J BUCKET1 VK_U BUCKET1 VK_U = 2972 3010
BUCKET2 VK_S BUCKET1 VK_U BUCKET1 VK_U = 3000 3010
BUCKET1 VK_S BUCKET1 VK_H BUCKET1 VK_U BUCKET1 VK_U = 2999 3010
BUCKET2 VK_H BUCKET1 VK_U BUCKET1 VK_U = 3001 3010
#
BUCKET1 VK_F BUCKET1 VK_U BUCKET1 VK_U = 2947 2986 3010
BUCKET1 VK_P BUCKET1 VK_H BUCKET1 VK_U BUCKET1 VK_U = 2947 2986 3010
BUCKET1 VK_H BUCKET1 VK_K BUCKET1 VK_U BUCKET1 VK_U = 2947 2986 3010
BUCKET1 VK_H BUCKET2 VK_R BUCKET1 VK_U BUCKET1 VK_U = 2947 2993 3010
# e
BUCKET1 VK_H BUCKET1 VK_E = 2965 3014
BUCKET1 VK_C BUCKET1 VK_E = 2965 3014
BUCKET1 VK_G BUCKET1 VK_E = 2965 3014
BUCKET1 VK_K BUCKET1 VK_E = 2965 3014
BUCKET1 VK_S BUCKET1 VK_E = 2970 3014
BUCKET1 VK_C BUCKET1 VK_H BUCKET1 VK_E = 2970 3014
BUCKET1 VK_D BUCKET1 VK_E = 2975 3014
BUCKET1 VK_D BUCKET1 VK_H BUCKET1 VK_E = 2975 3014
BUCKET1 VK_T BUCKET1 VK_E = 2975 3014
BUCKET1 VK_T BUCKET1 VK_H BUCKET1 VK_E = 2980 3014
BUCKET1 VK_P BUCKET1 VK_E = 2986 3014
BUCKET1 VK_B BUCKET1 VK_E = 2986 3014
BUCKET1 VK_B BUCKET1 VK_H BUCKET1 VK_E = 2986 3014
BUCKET2 VK_R BUCKET1 VK_E = 2993 3014
BUCKET1 VK_T BUCKET1 VK_R BUCKET1 VK_E = 2993 3014
#
BUCKET1 VK_Y BUCKET1 VK_E = 2991 3014
BUCKET1 VK_R BUCKET1 VK_E = 2992 3014
BUCKET1 VK_L BUCKET1 VK_E = 2994 3014
BUCKET1 VK_V BUCKET1 VK_E = 2997 3014
BUCKET1 VK_W BUCKET1 VK_E = 2997 3014
BUCKET1 VK_Z BUCKET1 VK_E = 2996 3014
BUCKET2 VK_L BUCKET1 VK_E = 2995 3014
#
BUCKET1 VK_N BUCKET1 VK_G BUCKET1 VK_E = 2969 3014
BUCKET1 VK_N BUCKET1 VK_J BUCKET1 VK_E = 2974 3014
BUCKET2 VK_N BUCKET1 VK_E = 2979 3014
BUCKET1 VK_X BUCKET1 VK_E = 2984 3014
BUCKET1 VK_SPACE BUCKET1 VK_N BUCKET1 VK_E = 32 2984 3014
BUCKET1 VK_TAB BUCKET1 VK_N BUCKET1 VK_E = 9 2984 3014
BUCKET1 VK_M BUCKET1 VK_E = 2990 3014
BUCKET1 VK_N BUCKET1 VK_E = 2985 3014
#
BUCKET1 VK_J BUCKET1 VK_E = 2972 3014
BUCKET2 VK_S BUCKET1 VK_E = 3000 3014
BUCKET1 VK_S BUCKET1 VK_H BUCKET1 VK_E = 2999 3014
BUCKET2 VK_H BUCKET1 VK_E = 3001 3014
#
BUCKET1 VK_F BUCKET1 VK_E = 2947 2986 3014
BUCKET1 VK_P BUCKET1 VK_H BUCKET1 VK_E = 2947 2986 3014
BUCKET1 VK_H BUCKET1 VK_K BUCKET1 VK_E = 2947 2986 3014
BUCKET1 VK_H BUCKET2 VK_R BUCKET1 VK_E = 2947 2993 3014
# E
BUCKET1 VK_H BUCKET2 VK_E = 2965 3015
BUCKET1 VK_C BUCKET2 VK_E = 2965 3015
BUCKET1 VK_G BUCKET2 VK_E = 2965 3015
BUCKET1 VK_K BUCKET2 VK_E = 2965 3015
BUCKET1 VK_S BUCKET2 VK_E = 2970 3015
BUCKET1 VK_C BUCKET1 VK_H BUCKET2 VK_E = 2970 3015
BUCKET1 VK_D BUCKET2 VK_E = 2975 3015
BUCKET1 VK_D BUCKET1 VK_H BUCKET2 VK_E = 2975 3015
BUCKET1 VK_T BUCKET2 VK_E = 2975 3015
BUCKET1 VK_T BUCKET1 VK_H BUCKET2 VK_E = 2980 3015
BUCKET1 VK_P BUCKET2 VK_E = 2986 3015
BUCKET1 VK_B BUCKET2 VK_E = 2986 3015
BUCKET1 VK_B BUCKET1 VK_H BUCKET2 VK_E = 2986 3015
BUCKET2 VK_R BUCKET2 VK_E = 2993 3015
BUCKET1 VK_T BUCKET1 VK_R BUCKET2 VK_E = 2993 3015
#
BUCKET1 VK_Y BUCKET2 VK_E = 2991 3015
BUCKET1 VK_R BUCKET2 VK_E = 2992 3015
BUCKET1 VK_L BUCKET2 VK_E = 2994 3015
BUCKET1 VK_V BUCKET2 VK_E = 2997 3015
BUCKET1 VK_W BUCKET2 VK_E = 2997 3015
BUCKET1 VK_Z BUCKET2 VK_E = 2996 3015
BUCKET2 VK_L BUCKET2 VK_E = 2995 3015
#
BUCKET1 VK_N BUCKET1 VK_G BUCKET2 VK_E = 2969 3015
BUCKET1 VK_N BUCKET1 VK_J BUCKET2 VK_E = 2974 3015
BUCKET2 VK_N BUCKET2 VK_E = 2979 3015
BUCKET1 VK_X BUCKET2 VK_E = 2984 3015
BUCKET1 VK_SPACE BUCKET1 VK_N BUCKET2 VK_E = 32 2984 3015
BUCKET1 VK_TAB BUCKET1 VK_N BUCKET2 VK_E = 9 2984 3015
BUCKET1 VK_M BUCKET2 VK_E = 2990 3015
BUCKET1 VK_N BUCKET2 VK_E = 2985 3015
#
BUCKET1 VK_J BUCKET2 VK_E = 2972 3015
BUCKET2 VK_S BUCKET2 VK_E = 3000 3015
BUCKET1 VK_S BUCKET1 VK_H BUCKET2 VK_E = 2999 3015
BUCKET2 VK_H BUCKET2 VK_E = 3001 3015
#
BUCKET1 VK_F BUCKET2 VK_E = 2947 2986 3015
BUCKET1 VK_P BUCKET1 VK_H BUCKET2 VK_E = 2947 2986 3015
BUCKET1 VK_H BUCKET1 VK_K BUCKET2 VK_E = 2947 2965 3015
BUCKET1 VK_H BUCKET2 VK_R BUCKET2 VK_E = 2947 2993 3015
# ee
BUCKET1 VK_H BUCKET1 VK_E BUCKET1 VK_E = 2965 3015
BUCKET1 VK_C BUCKET1 VK_E BUCKET1 VK_E = 2965 3015
BUCKET1 VK_G BUCKET1 VK_E BUCKET1 VK_E = 2965 3015
BUCKET1 VK_K BUCKET1 VK_E BUCKET1 VK_E = 2965 3015
BUCKET1 VK_S BUCKET1 VK_E BUCKET1 VK_E = 2970 3015
BUCKET1 VK_C BUCKET1 VK_H BUCKET1 VK_E BUCKET1 VK_E = 2970 3015
BUCKET1 VK_D BUCKET1 VK_E BUCKET1 VK_E = 2975 3015
BUCKET1 VK_D BUCKET1 VK_H BUCKET1 VK_E BUCKET1 VK_E = 2975 3015
BUCKET1 VK_T BUCKET1 VK_E BUCKET1 VK_E = 2975 3015
BUCKET1 VK_T BUCKET1 VK_H BUCKET1 VK_E BUCKET1 VK_E = 2980 3015
BUCKET1 VK_P BUCKET1 VK_E BUCKET1 VK_E = 2986 3015
BUCKET1 VK_B BUCKET1 VK_E BUCKET1 VK_E = 2986 3015
BUCKET1 VK_B BUCKET1 VK_H BUCKET1 VK_E BUCKET1 VK_E = 2986 
BUCKET2 VK_R BUCKET1 VK_E BUCKET1 VK_E = 2993 3015
BUCKET1 VK_T BUCKET1 VK_R BUCKET1 VK_E BUCKET1 VK_E = 2993 3015
#
BUCKET1 VK_Y BUCKET1 VK_E BUCKET1 VK_E = 2991 3015
BUCKET1 VK_R BUCKET1 VK_E BUCKET1 VK_E = 2992 3015
BUCKET1 VK_L BUCKET1 VK_E BUCKET1 VK_E = 2994 3015
BUCKET1 VK_V BUCKET1 VK_E BUCKET1 VK_E = 2997 3015
BUCKET1 VK_W BUCKET1 VK_E BUCKET1 VK_E = 2997 3015
BUCKET1 VK_Z BUCKET1 VK_E BUCKET1 VK_E = 2996 3015
BUCKET2 VK_L BUCKET1 VK_E BUCKET1 VK_E = 2995 3015
#
BUCKET1 VK_N BUCKET1 VK_G BUCKET1 VK_E BUCKET1 VK_E = 2969 3015
BUCKET1 VK_N BUCKET1 VK_J BUCKET1 VK_E BUCKET1 VK_E = 2974 3015
BUCKET2 VK_N BUCKET1 VK_E BUCKET1 VK_E = 2979 3015
BUCKET1 VK_X BUCKET1 VK_E BUCKET1 VK_E = 2984 3015
BUCKET1 VK_SPACE BUCKET1 VK_N BUCKET1 VK_E BUCKET1 VK_E = 32 2984 3015
BUCKET1 VK_TAB BUCKET1 VK_N BUCKET1 VK_E BUCKET1 VK_E = 9 2984 3015
BUCKET1 VK_M BUCKET1 VK_E BUCKET1 VK_E = 2990 3015
BUCKET1 VK_N BUCKET1 VK_E BUCKET1 VK_E = 2985 3015
#
BUCKET1 VK_J BUCKET1 VK_E BUCKET1 VK_E = 2972 3015
BUCKET2 VK_S BUCKET1 VK_E BUCKET1 VK_E = 3000 3015
BUCKET1 VK_S BUCKET1 VK_H BUCKET1 VK_E BUCKET1 VK_E = 2999 3015
BUCKET2 VK_H BUCKET1 VK_E BUCKET1 VK_E = 3001 3015
#
BUCKET1 VK_F BUCKET1 VK_E BUCKET1 VK_E = 2947 2986 3015
BUCKET1 VK_P BUCKET1 VK_H BUCKEt1 VK_E BUCKET1 VK_E = 2947 2986 3015
BUCKET1 VK_H BUCKET1 VK_K BUCKET1 VK_E BUCKET1 VK_E = 2947 2965 3015
BUCKET1 VK_H BUCKET2 VK_R BUCKET1 VK_E BUCKET1 VK_E = 2947 2993 3015
# ai
BUCKET1 VK_H BUCKET1 VK_A BUCKET1 VK_I = 2965 3016
BUCKET1 VK_C BUCKET1 VK_A BUCKET1 VK_I = 2965 3016
BUCKET1 VK_G BUCKET1 VK_A BUCKET1 VK_I = 2965 3016
BUCKET1 VK_K BUCKET1 VK_A BUCKET1 VK_I = 2965 3016
BUCKET1 VK_S BUCKET1 VK_A BUCKET1 VK_I = 2970 3016
BUCKET1 VK_C BUCKET1 VK_H BUCKET1 VK_A BUCKET1 VK_I = 2970 3016
BUCKET1 VK_D BUCKET1 VK_A BUCKET1 VK_I = 2975 3016
BUCKET1 VK_D BUCKET1 VK_H BUCKET1 VK_A BUCKET1 VK_I = 2975 3016
BUCKET1 VK_T BUCKET1 VK_A BUCKET1 VK_I = 2975 3016
BUCKET1 VK_T BUCKET1 VK_H BUCKET1 VK_A BUCKET1 VK_I = 2980 3016
BUCKET1 VK_P BUCKET1 VK_A BUCKET1 VK_I = 2986 3016
BUCKET1 VK_B BUCKET1 VK_A BUCKET1 VK_I = 2986 3016
BUCKET1 VK_B BUCKET1 VK_H BUCKET1 VK_A BUCKET1 VK_I = 2986 3016
BUCKET2 VK_R BUCKET1 VK_A BUCKET1 VK_I = 2993 3016
BUCKET1 VK_T BUCKET1 VK_R BUCKET1 VK_A BUCKET1 VK_I = 2993 3016
#
BUCKET1 VK_Y BUCKET1 VK_A BUCKET1 VK_I = 2991 3016
BUCKET1 VK_R BUCKET1 VK_A BUCKET1 VK_I = 2992 3016
BUCKET1 VK_L BUCKET1 VK_A BUCKET1 VK_I = 2994 3016
BUCKET1 VK_V BUCKET1 VK_A BUCKET1 VK_I = 2997 3016
BUCKET1 VK_W BUCKET1 VK_A BUCKET1 VK_I = 2997 3016
BUCKET1 VK_Z BUCKET1 VK_A BUCKET1 VK_I = 2996 3016
BUCKET2 VK_L BUCKET1 VK_A BUCKET1 VK_I = 2995 3016
#
BUCKET1 VK_N BUCKET1 VK_G BUCKET1 VK_A BUCKET1 VK_I = 2969 3016
BUCKET1 VK_N BUCKET1 VK_J BUCKET1 VK_A BUCKET1 VK_I = 2974 3016
BUCKET2 VK_N BUCKET1 VK_A BUCKET1 VK_I = 2979 3016
BUCKET1 VK_X BUCKET1 VK_A BUCKET1 VK_I = 2984 3016
BUCKET1 VK_SPACE BUCKET1 VK_N BUCKET1 VK_I BUCKET1 VK_I = 32 2984 3016
BUCKET1 VK_TAB BUCKET1 VK_N BUCKET1 VK_A BUCKET1 VK_I = 9 2984 3016
BUCKET1 VK_M BUCKET1 VK_A BUCKET1 VK_I = 2990 3016
BUCKET1 VK_N BUCKET1 VK_A BUCKET1 VK_I = 2985 3016
#
BUCKET1 VK_J BUCKET1 VK_A BUCKET1 VK_I = 2972 3016
BUCKET2 VK_S BUCKET1 VK_A BUCKET1 VK_I = 3000 3016
BUCKET1 VK_S BUCKET1 VK_H BUCKET1 VK_A BUCKET1 VK_I = 2999 3016
BUCKET2 VK_H BUCKET1 VK_A BUCKET1 VK_I = 3001 3016
#
BUCKET1 VK_F BUCKET1 VK_A BUCKET1 VK_I = 2947 2986 3016
BUCKET1 VK_P BUCKET1 VK_H BUCKET1 VK_A BUCKET1 VK_I = 2947 2986 3016
BUCKET1 VK_H BUCKET1 VK_K BUCKET1 VK_A BUCKET1 VK_I = 2947 2965 3016
BUCKET1 VK_H BUCKET2 VK_R BUCKET1 VK_A BUCKET1 VK_I = 2947 2993 3016
# o
BUCKET1 VK_H BUCKET1 VK_O = 2965 3018
BUCKET1 VK_C BUCKET1 VK_O = 2965 3018
BUCKET1 VK_G BUCKET1 VK_O = 2965 3018
BUCKET1 VK_K BUCKET1 VK_O = 2965 3018
BUCKET1 VK_S BUCKET1 VK_O = 2970 3018
BUCKET1 VK_C BUCKET1 VK_H BUCKET1 VK_O = 2970 3018
BUCKET1 VK_D BUCKET1 VK_O = 2975 3018
BUCKET1 VK_D BUCKET1 VK_H BUCKET1 VK_O = 2975 3018
BUCKET1 VK_T BUCKET1 VK_O = 2975 3018
BUCKET1 VK_T BUCKET1 VK_H BUCKET1 VK_O = 2980 3018
BUCKET1 VK_P BUCKET1 VK_O = 2986 3018
BUCKET1 VK_B BUCKET1 VK_O = 2986 3018
BUCKET1 VK_B BUCKET1 VK_H BUCKET1 VK_O = 2986 3018
BUCKET2 VK_R BUCKET1 VK_O = 2993 3018
BUCKET1 VK_T BUCKET1 VK_R BUCKET1 VK_O = 2993 3018
#
BUCKET1 VK_Y BUCKET1 VK_O = 2991 3018
BUCKET1 VK_R BUCKET1 VK_O = 2992 3018
BUCKET1 VK_L BUCKET1 VK_O = 2994 3018
BUCKET1 VK_V BUCKET1 VK_O = 2997 3018
BUCKET1 VK_W BUCKET1 VK_O = 2997 3018
BUCKET1 VK_Z BUCKET1 VK_O = 2996 3018
BUCKET2 VK_L BUCKET1 VK_O = 2995 3018
#
BUCKET1 VK_N BUCKET1 VK_G BUCKET1 VK_O = 2969 3018
BUCKET1 VK_N BUCKET1 VK_J BUCKET1 VK_O = 2974 3018
BUCKET2 VK_N BUCKET1 VK_O = 2979 3018
BUCKET1 VK_X BUCKET1 VK_O = 2984 3018
BUCKET1 VK_SPACE BUCKET1 VK_N BUCKET1 VK_O = 32 2984 3018
BUCKET1 VK_TAB BUCKET1 VK_N BUCKET1 VK_O = 9 2984 3018
BUCKET1 VK_M BUCKET1 VK_O = 2990 3018
BUCKET1 VK_N BUCKET1 VK_O = 2985 3018
#
BUCKET1 VK_J BUCKET1 VK_O = 2972 3018
BUCKET2 VK_S BUCKET1 VK_O = 3000 3018
BUCKET1 VK_S BUCKET1 VK_H BUCKET1 VK_O = 2999 3018
BUCKET2 VK_H BUCKET1 VK_O = 3001 3018
#
BUCKET1 VK_F BUCKET1 VK_O = 2947 2986 3018
BUCKET1 VK_P BUCKET1 VK_H BUCKET1 VK_O = 2947 2986 3018
BUCKET1 VK_H BUCKET1 VK_K BUCKET1 VK_O = 2947 2965 3018
BUCKET1 VK_H BUCKET2 VK_R BUCKET1 VK_O = 2947 2993 3018
# O
BUCKET1 VK_H BUCKET2 VK_O = 2965 3019
BUCKET1 VK_C BUCKET2 VK_O = 2965 3019
BUCKET1 VK_G BUCKET2 VK_O = 2965 3019
BUCKET1 VK_K BUCKET2 VK_O = 2965 3019
BUCKET1 VK_S BUCKET2 VK_O = 2970 3019
BUCKET1 VK_C BUCKET1 VK_H BUCKET2 VK_O = 2970 3019
BUCKET1 VK_D BUCKET2 VK_O = 2975 3019
BUCKET1 VK_D BUCKET1 VK_H BUCKET2 VK_O = 2975 3019
BUCKET1 VK_T BUCKET2 VK_O = 2975 3019
BUCKET1 VK_T BUCKET1 VK_H BUCKET2 VK_O = 2980 3019
BUCKET1 VK_P BUCKET2 VK_O = 2986 3019
BUCKET1 VK_B BUCKET2 VK_O = 2986 3019
BUCKET1 VK_B BUCKET1 VK_H BUCKET2 VK_O = 2986 3019
BUCKET2 VK_R BUCKET2 VK_O = 2993 3019
BUCKET1 VK_T BUCKET1 VK_R BUCKET2 VK_O = 2993 3019
#
BUCKET1 VK_Y BUCKET2 VK_O = 2991 3019
BUCKET1 VK_R BUCKET2 VK_O = 2992 3019
BUCKET1 VK_L BUCKET2 VK_O = 2994 3019
BUCKET1 VK_V BUCKET2 VK_O = 2997 3019
BUCKET1 VK_W BUCKET2 VK_O = 2997 3019
BUCKET1 VK_Z BUCKET2 VK_O = 2996 3019
BUCKET2 VK_L BUCKET2 VK_O = 2995 3019
# 
BUCKET1 VK_N BUCKET1 VK_G BUCKET2 VK_O = 2969 3019
BUCKET1 VK_N BUCKET1 VK_J BUCKET2 VK_O = 2974 3019
BUCKET2 VK_N BUCKET2 VK_O = 2979 3019
BUCKET1 VK_X BUCKET2 VK_O = 2984 3019
BUCKET1 VK_SPACE BUCKET1 VK_N BUCKET2 VK_O = 32 2984 3019
BUCKET1 VK_TAB BUCKET1 VK_N BUCKET2 VK_O = 9 2984 3019
BUCKET1 VK_M BUCKET2 VK_O = 2990 3019
BUCKET1 VK_N BUCKET2 VK_O = 2985 3019
#
BUCKET1 VK_J BUCKET2 VK_O = 2972 3019
BUCKET2 VK_S BUCKET2 VK_O = 3000 3019
BUCKET1 VK_S BUCKET1 VK_H BUCKET2 VK_O = 2999 3019
BUCKET2 VK_H BUCKET2 VK_O = 3001 3019
#
BUCKET1 VK_F BUCKET2 VK_O = 2947 2986 3019
BUCKET1 VK_P BUCKET1 VK_H BUCKET2 VK_O = 2947 2986 3019
BUCKET1 VK_H BUCKET1 VK_K BUCKET2 VK_O = 2946 2965 3019
BUCKET1 VK_H BUCKET2 VK_R BUCKET2 VK_O = 2947 2993 3019
# oo
BUCKET1 VK_H BUCKET1 VK_O BUCKET1 VK_O = 2965 3019
BUCKET1 VK_C BUCKET1 VK_O BUCKET1 VK_O = 2965 3019
BUCKET1 VK_G BUCKET1 VK_O BUCKET1 VK_O = 2965 3019
BUCKET1 VK_K BUCKET1 VK_O BUCKET1 VK_O = 2965 3019
BUCKET1 VK_S BUCKET1 VK_O BUCKET1 VK_O = 2970 3019
BUCKET1 VK_C BUCKET1 VK_H BUCKET1 VK_O BUCKET1 VK_O = 2970 3019
BUCKET1 VK_D BUCKET1 VK_O BUCKET1 VK_O = 2975 3019
BUCKET1 VK_D BUCKET1 VK_H BUCKET1 VK_O BUCKET1 VK_O = 2975 3019
BUCKET1 VK_T BUCKET1 VK_O BUCKET1 VK_O = 2975 3019
BUCKET1 VK_T BUCKET1 VK_H BUCKET1 VK_O BUCKET1 VK_O = 2980 3019
BUCKET1 VK_P BUCKET1 VK_O BUCKET1 VK_O = 2986 3019
BUCKET1 VK_B BUCKET1 VK_O BUCKET1 VK_O = 2986 3019
BUCKET1 VK_B BUCKET1 VK_H BUCKET1 VK_O BUCKET1 VK_O = 2986 3019
BUCKET2 VK_R BUCKET1 VK_O BUCKET1 VK_O = 2993 3019
BUCKET1 VK_T BUCKET1 VK_R BUCKET1 VK_O BUCKET1 VK_O = 2993 3019
#
BUCKET1 VK_Y BUCKET1 VK_O BUCKET1 VK_O = 2991 3019
BUCKET1 VK_R BUCKET1 VK_O BUCKET1 VK_O = 2992 3019
BUCKET1 VK_L BUCKET1 VK_O BUCKET1 VK_O = 2994 3019
BUCKET1 VK_V BUCKET1 VK_O BUCKET1 VK_O = 2997 3019
BUCKET1 VK_W BUCKET1 VK_O BUCKET1 VK_O = 2997 3019
BUCKET1 VK_Z BUCKET1 VK_O BUCKET1 VK_O = 2996 3019
BUCKET2 VK_L BUCKET1 VK_O BUCKET1 VK_O = 2995 3019
# 
BUCKET1 VK_N BUCKET1 VK_G BUCKET1 VK_O BUCKET1 VK_O = 2969 3019
BUCKET1 VK_N BUCKET1 VK_J BUCKET1 VK_O BUCKET1 VK_O = 2974 3019
BUCKET2 VK_N BUCKET1 VK_O BUCKET1 VK_O = 2979 3019
BUCKET1 VK_X BUCKET1 VK_O BUCKET1 VK_O = 2984 3019
BUCKET1 VK_SPACE BUCKET1 VK_N BUCKET1 VK_O BUCKET1 VK_O = 32 2984 3019
BUCKET1 VK_TAB BUCKET1 VK_N BUCKET1 VK_O BUCKET1 VK_O = 9 2984 3019
BUCKET1 VK_M BUCKET1 VK_O BUCKET1 VK_O = 2990 3019
BUCKET1 VK_N BUCKET1 VK_O BUCKET1 VK_O = 2985 3019
#
BUCKET1 VK_J BUCKET1 VK_O BUCKET1 VK_O = 2972 3019
BUCKET2 VK_S BUCKET1 VK_O BUCKET1 VK_O = 3000 3019
BUCKET1 VK_S BUCKET1 VK_H BUCKET1 VK_O BUCKET1 VK_O = 2999 3019
BUCKET2 VK_H BUCKET1 VK_O BUCKET1 VK_O = 3001 3019
#
BUCKET1 VK_F BUCKET1 VK_O BUCKET1 VK_O = 2947 2986 3019
BUCKET1 VK_P BUCKET1 VK_H BUCKET1 VK_O BUCKET1 VK_O = 2947 2986 3019
BUCKET1 VK_H BUCKET1 VK_K BUCKET1 VK_O BUCKET1 VK_O = 2947 2965 3019
BUCKET1 VK_H BUCKET2 VK_R BUCKET1 VK_O BUCKET1 VK_O = 2947 2993 3019
# au
BUCKET1 VK_H BUCKET1 VK_A BUCKET1 VK_U = 2965 3020
BUCKET1 VK_C BUCKET1 VK_A BUCKET1 VK_U = 2965 3020
BUCKET1 VK_G BUCKET1 VK_A BUCKET1 VK_U = 2965 3020
BUCKET1 VK_K BUCKET1 VK_A BUCKET1 VK_U = 2965 3020
BUCKET1 VK_S BUCKET1 VK_A BUCKET1 VK_U = 2970 3020
BUCKET1 VK_C BUCKET1 VK_H BUCKET1 VK_A BUCKET1 VK_U = 2970 3020
BUCKET1 VK_D BUCKET1 VK_A BUCKET1 VK_U = 2975 3020
BUCKET1 VK_D BUCKET1 VK_H BUCKET1 VK_A BUCKET1 VK_U = 2975 3020
BUCKET1 VK_T BUCKET1 VK_A BUCKET1 VK_U = 2975 3020
BUCKET1 VK_T BUCKET1 VK_H BUCKET1 VK_A BUCKET1 VK_U = 2980 3020
BUCKET1 VK_P BUCKET1 VK_A BUCKET1 VK_U = 2986 3020
BUCKET1 VK_B BUCKET1 VK_A BUCKET1 VK_U = 2986 3020
BUCKET1 VK_B BUCKET1 VK_H BUCKET1 VK_A BUCKET1 VK_U = 2986 3020
BUCKET2 VK_R BUCKET1 VK_A BUCKET1 VK_U = 2993 3020
BUCKET1 VK_T BUCKET1 VK_R BUCKET1 VK_A BUCKET1 VK_U = 2993 3020
#
BUCKET1 VK_Y BUCKET1 VK_A BUCKET1 VK_U = 2991 3020
BUCKET1 VK_R BUCKET1 VK_A BUCKET1 VK_U = 2992 3020
BUCKET1 VK_L BUCKET1 VK_A BUCKET1 VK_U = 2994 3020
BUCKET1 VK_V BUCKET1 VK_A BUCKET1 VK_U = 2997 3020
BUCKET1 VK_W BUCKET1 VK_A BUCKET1 VK_U = 2997 3020
BUCKET1 VK_Z BUCKET1 VK_A BUCKET1 VK_U = 2996 3020
BUCKET2 VK_L BUCKET1 VK_A BUCKET1 VK_U = 2995 3020
#
BUCKET1 VK_N BUCKET1 VK_G BUCKET1 VK_A BUCKET1 VK_U = 2969 3020
BUCKET1 VK_N BUCKET1 VK_J BUCKET1 VK_A BUCKET1 VK_U = 2974 3020
BUCKET2 VK_N BUCKET1 VK_A BUCKET1 VK_U = 2979 3020
BUCKET1 VK_X BUCKET1 VK_A BUCKET1 VK_U = 2984 3020
BUCKET1 VK_SPACE BUCKET1 VK_N BUCKET1 VK_A BUCKET1 VK_U = 32 2984 3020
BUCKET1 VK_TAB BUCKET1 VK_N BUCKET1 VK_A BUCKET1 VK_U = 9 2984 3020
BUCKET1 VK_M BUCKET1 VK_A BUCKET1 VK_U = 2990 3020
BUCKET1 VK_N BUCKET1 VK_A BUCKET1 VK_U = 2985 3020
#
BUCKET1 VK_J BUCKET1 VK_A BUCKET1 VK_U = 2972 3020
BUCKET2 VK_S BUCKET1 VK_A BUCKET1 VK_U = 3000 3020
BUCKET1 VK_S BUCKET1 VK_H BUCKET1 VK_A BUCKET1 VK_U = 2999 3020
BUCKET2 VK_H BUCKET1 VK_A BUCKET1 VK_U = 3001 3020
#
BUCKET1 VK_F BUCKET1 VK_A BUCKET1 VK_U = 2947 2986 3020
BUCKET1 VK_P BUCKET1 VK_H BUCKET1 VK_A BUCKET1 VK_U = 2947 2986 3020
BUCKET1 VK_H BUCKET1 VK_K BUCKET1 VK_A BUCKET1 VK_U = 2947 2965 3020
BUCKET1 VK_H BUCKET2 VK_R BUCKET1 VK_A BUCKET1 VK_U = 2947 2993 3020
#
# End of multiple keystroke mappings.
# SPECIALS
# 
# Special 1 SPACE
#
# Special 2 TAB
# First Row
#
# Second Row
#
# Third Row
#
# Fourth Row
#
# END

