# KeyTransU_VuTam.map   (Key Translation Unicode vu thamiz)
#
# Bucket1=Normal; Bucket2=Shift; Bucket3=Alt; Bucket4=Ctrl+Alt.
#
# Unicode mappings, confirm to TAU standard of Govt. of TNadu.
#
# Faster typing, has necessiated the introduction of o, O & au marks. 
#
# Tamil in Buckets 1, 2 & 3, for Consonants with a, u & U Markers.
#
# Bucket 4 not mapped.
#
# BUCKET2 used to simulate BUCKET3. VK_TAB & VK_SPACE not used.
#
# So, now for the format of the map file.
#
# Each line is a rule.
# The character '=' seperates the  LHS and the RHS.
# A line starting with a # will be discarded as a comment line.
# If # found anywhere else is an error!
#
# Example of a simple 1 to 1 translation:
# BUCKET1 VK_A = 2949
#
# Example of a 1 to 2 translation:
# BUCKET1 VK_BRA_OPEN = 32 3014
#
# Example of a 1 to 3 translation:
# BUCKET2 VK_J = 2965 3021 2999
#
# Example of a 1 to 4 translation:
# BUCKET3 VK_S = 3000 3021 2992 3008
#
# Example of a 2 to 2 translation:
# BUCKET1 VK_BRA_OPEN BUCKET1 VK_S = 3000 3014
#
# Example of a 2 to 4 translation:
# BUCKET1 VK_BRA_OPEN BUCKET2 VK_J = 2965 3021 2999 3014
#
# Start Maps for VuTam
#
# Bucket 1 First Row (from top).
BUCKET1 VK_APOSTROPHE = 3018
BUCKET1 VK_1          = 49
BUCKET1 VK_2          = 50
BUCKET1 VK_3          = 51
BUCKET1 VK_4          = 52
BUCKET1 VK_5          = 53
BUCKET1 VK_6          = 54
BUCKET1 VK_7          = 55
BUCKET1 VK_8          = 56
BUCKET1 VK_9          = 57
BUCKET1 VK_0          = 48
BUCKET1 VK_MINUS      = 32 3016
BUCKET1 VK_EQUAL      = 61
#
# Bucket 1 Second Row
BUCKET1 VK_Q          = 2984
BUCKET1 VK_W          = 2991
BUCKET1 VK_E          = 2951
BUCKET1 VK_R          = 2992
BUCKET1 VK_T          = 2980
BUCKET1 VK_Y          = 2958
BUCKET1 VK_U          = 2953
BUCKET1 VK_I          = 2960
BUCKET1 VK_O          = 2962
BUCKET1 VK_P          = 2986
BUCKET1 VK_BRA_OPEN   = 32 3014
BUCKET1 VK_BRA_CLOSE  = 3007
BUCKET1 VK_BACK_SLASH = 2974
#
# Bucket 1 Third Row
BUCKET1 VK_A          = 2949
BUCKET1 VK_S          = 3000
BUCKET1 VK_D          = 2975
BUCKET1 VK_F          = 2995
BUCKET1 VK_G          = 2969
BUCKET1 VK_H          = 3001
BUCKET1 VK_J          = 2972
BUCKET1 VK_K          = 2965
BUCKET1 VK_L          = 2994
BUCKET1 VK_COLON      = 59
BUCKET1 VK_QUOTES     = 3021
#
# Bucket 1 Fourth Row
BUCKET1 VK_Z          = 2996
BUCKET1 VK_X          = 2993
BUCKET1 VK_C          = 2970
BUCKET1 VK_V          = 2997
BUCKET1 VK_B          = 2979
BUCKET1 VK_N          = 2985
BUCKET1 VK_M          = 2990
BUCKET1 VK_COMMA      = 44
BUCKET1 VK_DOT        = 46
BUCKET1 VK_FOR_SLASH  = 3006
#
# Bucket 2 First Row
BUCKET2 VK_APOSTROPHE    = 3019
BUCKET2   VK_1      = 33
BUCKET2 VK_2		= 64
BUCKET2 VK_3		= 35
BUCKET2 VK_4		= 36
BUCKET2	VK_5		= 37
BUCKET2	VK_6		= 94
BUCKET2	VK_7		= 38
BUCKET2	VK_8		= 42
BUCKET2	VK_9		= 40
BUCKET2	VK_0		= 41
BUCKET2   VK_MINUS  = 3020
BUCKET2	VK_EQUAL	= 43
#
# Bucket 2 Second Row
BUCKET2	VK_Q		= 2984 3009
BUCKET2	VK_W		= 2991 3009
BUCKET2 VK_E		= 2952
BUCKET2	VK_R		= 2992 3009
BUCKET2	VK_T		= 2980 3009
BUCKET2 VK_Y		= 2959
BUCKET2 VK_U		= 2954
BUCKET2   VK_I      = 2964
BUCKET2 VK_O		= 2963
BUCKET2	VK_P		= 2986 3009
BUCKET2	VK_BRA_OPEN	= 32 3015
BUCKET2 VK_BRA_CLOSE    = 3008
BUCKET2	VK_BACK_SLASH	= 2974 3009
#
# Bucket 2 Third Row
BUCKET2	VK_A		= 2950
BUCKET2	VK_S		= 2999
BUCKET2	VK_D		= 2975 3009
BUCKET2	VK_F		= 2995 3009
BUCKET2	VK_G		= 2969 3009
BUCKET2   VK_H      = 3009
BUCKET2   VK_J      = 2965 3021 2999
BUCKET2	VK_K		= 2965 3009
BUCKET2 VK_L		= 2994 3009
BUCKET2	VK_COLON	= 58
BUCKET2	VK_QUOTES	= 34
#
# Bucket 2 Fourth Row
BUCKET2	VK_Z		= 2996 3009
BUCKET2	VK_X		= 2993 3009
BUCKET2 VK_C		= 2970 3009
BUCKET2	VK_V		= 2997 3009
BUCKET2 VK_B		= 2979 3009
BUCKET2	VK_N		= 2985 3009
BUCKET2	VK_M		= 2990 3009
BUCKET2	VK_COMMA	= 60
BUCKET2	VK_DOT		= 62
BUCKET2	VK_FOR_SLASH	= 63
#
# Bucket3
# Bucket3 First Row.
BUCKET3 VK_APOSTROPHE = 126
BUCKET3 VK_1 = 3047
BUCKET3 VK_2 = 3048
BUCKET3 VK_3 = 3049
BUCKET3 VK_4 = 3050
BUCKET3 VK_5 = 3051
BUCKET3 VK_6 = 3052
BUCKET3 VK_7 = 3053
BUCKET3 VK_8 = 3054
BUCKET3 VK_9 = 3055
BUCKET3 VK_0 = 3046
BUCKET3 VK_MINUS = 123
BUCKET3 VK_EQUAL = 125
#
# BUCKET3 Second Row
BUCKET3 VK_Q = 2984 3010
BUCKET3 VK_W = 2991 3010
BUCKET3 VK_E = 3065
BUCKET3 VK_R = 2992 3010
BUCKET3 VK_T = 2980 3010
BUCKET3 VK_Y = 3061
BUCKET3 VK_U = 3060
BUCKET3 VK_I = 3059
BUCKET3 VK_O = 3064
BUCKET3 VK_P = 2986 3010
BUCKET3 VK_BRA_OPEN = 91
BUCKET3 VK_BRA_CLOSE = 93
BUCKET3 VK_BACK_SLASH = 2974 3010
#
# BUCKET3 Third Row
BUCKET3 VK_A = 2947
BUCKET3 VK_S = 3000 3021 2992 3008
BUCKET3 VK_D = 2975 3010
BUCKET3 VK_F = 2995 3010
BUCKET3 VK_G = 2969 3010
BUCKET3 VK_H = 3010
BUCKET3 VK_J = 3066
BUCKET3 VK_K = 2965 3010
BUCKET3 VK_L = 2994 3010
BUCKET3 VK_COLON = 167
BUCKET3 VK_QUOTES = 39
#
# BUCKET3 Fourth Row
BUCKET3 VK_Z = 2996 3010
BUCKET3 VK_X = 2993 3010
BUCKET3 VK_C = 2970 3010
BUCKET3 VK_V = 2997 3010
BUCKET3 VK_B = 2979 3010
BUCKET3 VK_N = 2985 3010
BUCKET3 VK_M = 2990 3010
BUCKET3 VK_COMMA = 92
BUCKET3 VK_DOT = 124
BUCKET3 VK_FOR_SLASH = 47
#
# Bucket4. first row
BUCKET4 VK_APOSTROPHE = 96
BUCKET4 VK_1 = 3024
BUCKET4 VK_2 = 2998
BUCKET4 VK_3 = 8224
BUCKET4 VK_4 = 8225
BUCKET4 VK_5 = 162
BUCKET4 VK_6 = 182
BUCKET4 VK_7 = 176
BUCKET4 VK_8 = 174
BUCKET4 VK_9 = 169
BUCKET4 VK_0 = 8482
BUCKET4 VK_MINUS = 45
BUCKET4 VK_EQUAL = 95
#
#
#
# End of single keystroke mappings.
#
# Beginning of multiple keystroke mappings.
# Vowel au
BUCKET1 VK_O BUCKET1 VK_F               = 2964
# ye ( Removes space & restores Unicode standard)
BUCKET1 VK_BRA_OPEN BUCKET1 VK_Q		= 2984 3014
BUCKET1 VK_BRA_OPEN BUCKET1 VK_W		= 2991 3014
BUCKET1 VK_BRA_OPEN BUCKET1 VK_R		= 2992 3014
BUCKET1 VK_BRA_OPEN BUCKET1 VK_T		= 2980 3014
BUCKET1 VK_BRA_OPEN BUCKET1 VK_P		= 2986 3014
BUCKET1 VK_BRA_OPEN BUCKET1 VK_BACK_SLASH	= 2974 3014
BUCKET1 VK_BRA_OPEN BUCKET1 VK_S		= 3000 3014
BUCKET1 VK_BRA_OPEN BUCKET1 VK_D		= 2975 3014
BUCKET1 VK_BRA_OPEN BUCKET1 VK_F		= 2995 3014
BUCKET1 VK_BRA_OPEN BUCKET1 VK_G		= 2969 3014
BUCKET1 VK_BRA_OPEN BUCKET1 VK_H		= 3001 3014
BUCKET1 VK_BRA_OPEN BUCKET1 VK_J		= 2972 3014
BUCKET1 VK_BRA_OPEN BUCKET1 VK_K		= 2965 3014
BUCKET1 VK_BRA_OPEN BUCKET1 VK_L		= 2994 3014
BUCKET1 VK_BRA_OPEN BUCKET1 VK_Z		= 2996 3014
BUCKET1 VK_BRA_OPEN BUCKET1 VK_X		= 2993 3014
BUCKET1 VK_BRA_OPEN BUCKET1 VK_C		= 2970 3014
BUCKET1 VK_BRA_OPEN BUCKET1 VK_V		= 2997 3014
BUCKET1 VK_BRA_OPEN BUCKET1 VK_B		= 2979 3014
BUCKET1 VK_BRA_OPEN BUCKET1 VK_N		= 2985 3014
BUCKET1 VK_BRA_OPEN BUCKET1 VK_M		= 2990 3014
BUCKET1 VK_BRA_OPEN BUCKET2 VK_S		= 2999 3014
BUCKET1 VK_BRA_OPEN BUCKET2 VK_J		= 2965 3021 2999 3014
BUCKET1 VK_BRA_OPEN BUCKET4 VK_2  = 2998 3014
# yE ( Same as for ye, above )
BUCKET2 VK_BRA_OPEN BUCKET1 VK_Q		= 2984 3015
BUCKET2 VK_BRA_OPEN BUCKET1 VK_W		= 2991 3015
BUCKET2 VK_BRA_OPEN BUCKET1 VK_R		= 2992 3015
BUCKET2 VK_BRA_OPEN BUCKET1 VK_T		= 2980 3015
BUCKET2 VK_BRA_OPEN BUCKET1 VK_P		= 2986 3015
BUCKET2 VK_BRA_OPEN BUCKET1 VK_BACK_SLASH	= 2974 3015
BUCKET2 VK_BRA_OPEN BUCKET1 VK_S		= 3000 3015
BUCKET2 VK_BRA_OPEN BUCKET1 VK_D		= 2975 3015
BUCKET2 VK_BRA_OPEN BUCKET1 VK_F		= 2995 3015
BUCKET2 VK_BRA_OPEN BUCKET1 VK_G		= 2969 3015
BUCKET2 VK_BRA_OPEN BUCKET1 VK_H		= 3001 3015
BUCKET2 VK_BRA_OPEN BUCKET1 VK_J		= 2972 3015
BUCKET2 VK_BRA_OPEN BUCKET1 VK_K		= 2965 3015
BUCKET2 VK_BRA_OPEN BUCKET1 VK_L		= 2994 3015
BUCKET2 VK_BRA_OPEN BUCKET1 VK_Z		= 2996 3015
BUCKET2 VK_BRA_OPEN BUCKET1 VK_X		= 2993 3015
BUCKET2 VK_BRA_OPEN BUCKET1 VK_C		= 2970 3015
BUCKET2 VK_BRA_OPEN BUCKET1 VK_V		= 2997 3015
BUCKET2 VK_BRA_OPEN BUCKET1 VK_B		= 2979 3015
BUCKET2 VK_BRA_OPEN BUCKET1 VK_N		= 2985 3015
BUCKET2 VK_BRA_OPEN BUCKET1 VK_M		= 2990 3015
BUCKET2 VK_BRA_OPEN BUCKET2 VK_S		= 2999 3015
BUCKET2 VK_BRA_OPEN BUCKET2 VK_J		= 2965 3021 2999 3015
BUCKET2 VK_BRA_OPEN BUCKET4 VK_2   = 2998 3015
# ai  ( Same as for ye, above)
BUCKET1 VK_MINUS BUCKET1 VK_Q               = 2984 3016
BUCKET1 VK_MINUS BUCKET1 VK_W               = 2991 3016
BUCKET1 VK_MINUS BUCKET1 VK_R               = 2992 3016
BUCKET1 VK_MINUS BUCKET1 VK_BACK_SLASH      = 2974 3016
BUCKET1 VK_MINUS BUCKET1 VK_T               = 2980 3016
BUCKET1 VK_MINUS BUCKET1 VK_P               = 2986 3016
BUCKET1 VK_MINUS BUCKET1 VK_S               = 3000 3016
BUCKET1 VK_MINUS BUCKET1 VK_D               = 2975 3016
BUCKET1 VK_MINUS BUCKET1 VK_F               = 2995 3016
BUCKET1 VK_MINUS BUCKET1 VK_G               = 2969 3016
BUCKET1 VK_MINUS BUCKET1 VK_H               = 3001 3016
BUCKET1 VK_MINUS BUCKET1 VK_J               = 2972 3016
BUCKET1 VK_MINUS BUCKET1 VK_K               = 2965 3016
BUCKET1 VK_MINUS BUCKET1 VK_L               = 2994 3016
BUCKET1 VK_MINUS BUCKET1 VK_Z               = 2996 3016
BUCKET1 VK_MINUS BUCKET1 VK_X               = 2993 3016
BUCKET1 VK_MINUS BUCKET1 VK_C               = 2970 3016
BUCKET1 VK_MINUS BUCKET1 VK_V               = 2997 3016
BUCKET1 VK_MINUS BUCKET1 VK_B               = 2979 3016
BUCKET1 VK_MINUS BUCKET1 VK_N               = 2985 3016
BUCKET1 VK_MINUS BUCKET1 VK_M               = 2990 3016
BUCKET1 VK_MINUS BUCKET2 VK_S               = 2999 3016
BUCKET1 VK_MINUS BUCKET2 VK_J               = 2965 3021 2999 3016
BUCKET1 VK_MINUS BUCKET4 VK_2        = 2998 3016
#  o (Restores TAU standard)
BUCKET1 VK_BRA_OPEN BUCKET1 VK_Q BUCKET1 VK_FOR_SLASH = 2984 3018
BUCKET1 VK_BRA_OPEN BUCKET1 VK_W BUCKET1 VK_FOR_SLASH = 2991 3018
BUCKET1 VK_BRA_OPEN BUCKET1 VK_R BUCKET1 VK_FOR_SLASH = 2992 3018
BUCKET1 VK_BRA_OPEN BUCKET1 VK_T BUCKET1 VK_FOR_SLASH = 2980 3018
BUCKET1 VK_BRA_OPEN BUCKET1 VK_P BUCKET1 VK_FOR_SLASH = 2986 3018
BUCKET1 VK_BRA_OPEN BUCKET1 VK_BACK_SLASH BUCKET1 VK_FOR_SLASH = 2974 3018
BUCKET1 VK_BRA_OPEN BUCKET1 VK_S BUCKET1 VK_FOR_SLASH = 3000 3018
BUCKET1 VK_BRA_OPEN BUCKET1 VK_D BUCKET1 VK_FOR_SLASH = 2975 3018
BUCKET1 VK_BRA_OPEN BUCKET1 VK_F BUCKET1 VK_FOR_SLASH = 2995 3018
BUCKET1 VK_BRA_OPEN BUCKET1 VK_G BUCKET1 VK_FOR_SLASH = 2969 3018
BUCKET1 VK_BRA_OPEN BUCKET1 VK_H BUCKET1 VK_FOR_SLASH = 3001 3018
BUCKET1 VK_BRA_OPEN BUCKET1 VK_J BUCKET1 VK_FOR_SLASH = 2972 3018
BUCKET1 VK_BRA_OPEN BUCKET1 VK_K BUCKET1 VK_FOR_SLASH = 2965 3018
BUCKET1 VK_BRA_OPEN BUCKET1 VK_L BUCKET1 VK_FOR_SLASH = 2994 3018
BUCKET1 VK_BRA_OPEN BUCKET1 VK_Z BUCKET1 VK_FOR_SLASH = 2996 3018
BUCKET1 VK_BRA_OPEN BUCKET1 VK_X BUCKET1 VK_FOR_SLASH = 2993 3018
BUCKET1 VK_BRA_OPEN BUCKET1 VK_C BUCKET1 VK_FOR_SLASH = 2970 3018
BUCKET1 VK_BRA_OPEN BUCKET1 VK_V BUCKET1 VK_FOR_SLASH = 2997 3018
BUCKET1 VK_BRA_OPEN BUCKET1 VK_B BUCKET1 VK_FOR_SLASH = 2979 3018
BUCKET1 VK_BRA_OPEN BUCKET1 VK_N BUCKET1 VK_FOR_SLASH = 2985 3018
BUCKET1 VK_BRA_OPEN BUCKET1 VK_M BUCKET1 VK_FOR_SLASH = 2990 3018
BUCKET1 VK_BRA_OPEN BUCKET2 VK_S BUCKET1 VK_FOR_SLASH = 2999 3018
BUCKET1 VK_BRA_OPEN BUCKET2 VK_J BUCKET1 VK_FOR_SLASH = 2965 3021 2999 3018
BUCKET1 VK_BRA_OPEN BUCKET4 VK_2 BUCKET1 VK_FOR_SLASH = 2998 3018
# O  (As for o, above)
BUCKET2 VK_BRA_OPEN BUCKET1 VK_Q BUCKET1 VK_FOR_SLASH = 2984 3019
BUCKET2 VK_BRA_OPEN BUCKET1 VK_W BUCKET1 VK_FOR_SLASH = 2991 3019
BUCKET2 VK_BRA_OPEN BUCKET1 VK_R BUCKET1 VK_FOR_SLASH = 2992 3019
BUCKET2 VK_BRA_OPEN BUCKET1 VK_T BUCKET1 VK_FOR_SLASH = 2980 3019
BUCKET2 VK_BRA_OPEN BUCKET1 VK_P BUCKET1 VK_FOR_SLASH = 2986 3019
BUCKET2 VK_BRA_OPEN BUCKET1 VK_BACK_SLASH BUCKET1 VK_FOR_SLASH = 2974 3019
BUCKET2 VK_BRA_OPEN BUCKET1 VK_S BUCKET1 VK_FOR_SLASH = 3000 3019
BUCKET2 VK_BRA_OPEN BUCKET1 VK_D BUCKET1 VK_FOR_SLASH = 2975 3019
BUCKET2 VK_BRA_OPEN BUCKET1 VK_F BUCKET1 VK_FOR_SLASH = 2995 3019
BUCKET2 VK_BRA_OPEN BUCKET1 VK_G BUCKET1 VK_FOR_SLASH = 2969 3019
BUCKET2 VK_BRA_OPEN BUCKET1 VK_H BUCKET1 VK_FOR_SLASH = 3001 3019
BUCKET2 VK_BRA_OPEN BUCKET1 VK_J BUCKET1 VK_FOR_SLASH = 2972 3019
BUCKET2 VK_BRA_OPEN BUCKET1 VK_K BUCKET1 VK_FOR_SLASH = 2965 3019
BUCKET2 VK_BRA_OPEN BUCKET1 VK_L BUCKET1 VK_FOR_SLASH = 2994 3019
BUCKET2 VK_BRA_OPEN BUCKET1 VK_Z BUCKET1 VK_FOR_SLASH = 2996 3019
BUCKET2 VK_BRA_OPEN BUCKET1 VK_X BUCKET1 VK_FOR_SLASH = 2993 3019
BUCKET2 VK_BRA_OPEN BUCKET1 VK_C BUCKET1 VK_FOR_SLASH = 2970 3019
BUCKET2 VK_BRA_OPEN BUCKET1 VK_V BUCKET1 VK_FOR_SLASH = 2997 3019
BUCKET2 VK_BRA_OPEN BUCKET1 VK_B BUCKET1 VK_FOR_SLASH = 2979 3019
BUCKET2 VK_BRA_OPEN BUCKET1 VK_N BUCKET1 VK_FOR_SLASH = 2985 3019
BUCKET2 VK_BRA_OPEN BUCKET1 VK_M BUCKET1 VK_FOR_SLASH = 2990 3019
BUCKET2 VK_BRA_OPEN BUCKET2 VK_S BUCKET1 VK_FOR_SLASH = 2999 3019
BUCKET2 VK_BRA_OPEN BUCKET2 VK_J BUCKET1 VK_FOR_SLASH = 2965 3021 2999 3019
BUCKET2 VK_BRA_OPEN BUCKET4 VK_2 BUCKET1 VK_FOR_SLASH = 2998 3019
#
# au (As for o, above)
BUCKET1 VK_BRA_OPEN BUCKET1 VK_Q BUCKET1 VK_F = 2984 3020
BUCKET1 VK_BRA_OPEN BUCKET1 VK_W BUCKET1 VK_F = 2991 3020
BUCKET1 VK_BRA_OPEN BUCKET1 VK_R BUCKET1 VK_F = 2992 3020
BUCKET1 VK_BRA_OPEN BUCKET1 VK_T BUCKET1 VK_F = 2980 3020
BUCKET1 VK_BRA_OPEN BUCKET1 VK_P BUCKET1 VK_F = 2986 3020
BUCKET1 VK_BRA_OPEN BUCKET1 VK_BACK_SLASH BUCKET1 VK_F = 2974 3020
BUCKET1 VK_BRA_OPEN BUCKET1 VK_S BUCKET1 VK_F = 3000 3020
BUCKET1 VK_BRA_OPEN BUCKET1 VK_D BUCKET1 VK_F = 2975 3020
BUCKET1 VK_BRA_OPEN BUCKET1 VK_F BUCKET1 VK_F = 2995 3020
BUCKET1 VK_BRA_OPEN BUCKET1 VK_G BUCKET1 VK_F = 2969 3020
BUCKET1 VK_BRA_OPEN BUCKET1 VK_H BUCKET1 VK_F = 3001 3020
BUCKET1 VK_BRA_OPEN BUCKET1 VK_J BUCKET1 VK_F = 2972 3020
BUCKET1 VK_BRA_OPEN BUCKET1 VK_K BUCKET1 VK_F = 2965 3020
BUCKET1 VK_BRA_OPEN BUCKET1 VK_L BUCKET1 VK_F = 2994 3020
BUCKET1 VK_BRA_OPEN BUCKET1 VK_Z BUCKET1 VK_F = 2996 3020
BUCKET1 VK_BRA_OPEN BUCKET1 VK_X BUCKET1 VK_F = 2993 3020
BUCKET1 VK_BRA_OPEN BUCKET1 VK_C BUCKET1 VK_F = 2970 3020
BUCKET1 VK_BRA_OPEN BUCKET1 VK_V BUCKET1 VK_F = 2997 3020
BUCKET1 VK_BRA_OPEN BUCKET1 VK_B BUCKET1 VK_F = 2979 3020
BUCKET1 VK_BRA_OPEN BUCKET1 VK_N BUCKET1 VK_F = 2985 3020
BUCKET1 VK_BRA_OPEN BUCKET1 VK_M BUCKET1 VK_F = 2990 3020
BUCKET1 VK_BRA_OPEN BUCKET2 VK_S BUCKET1 VK_F = 2999 3020
BUCKET1 VK_BRA_OPEN BUCKET2 VK_J BUCKET1 VK_F = 2965 3021 2999 3020
BUCKET1 VK_BRA_OPEN BUCKET4 VK_2 BUCKET1 VK_F = 2998 3020
#
# au exceptions: succeeding puLLi, e & u marks.
BUCKET1 VK_O BUCKET1 VK_F BUCKET1 VK_QUOTES = 2962 2995 3021
BUCKET1 VK_O BUCKET1 VK_F BUCKET1 VK_BRA_CLOSE = 2962 2995 3007
BUCKET1 VK_O BUCKET1 VK_F BUCKET2 VK_H = 2962 2995 3009
#
BUCKET1 VK_BRA_OPEN BUCKET1 VK_Q BUCKET1 VK_F BUCKET1 VK_QUOTES = 2984 3014 2995 3021
BUCKET1 VK_BRA_OPEN BUCKET1 VK_Q BUCKET1 VK_F BUCKET1 VK_BRA_CLOSE = 2984 3014 2995 3007
BUCKET1 VK_BRA_OPEN BUCKET1 VK_Q BUCKET1 VK_F BUCKET2 VK_H = 2984 3014 2995 3009
#
BUCKET1 VK_BRA_OPEN BUCKET1 VK_W BUCKET1 VK_F BUCKET1 VK_QUOTES = 2991 3014 2995 3021
BUCKET1 VK_BRA_OPEN BUCKET1 VK_W BUCKET1 VK_F BUCKET1 VK_BRA_CLOSE = 2991 3014 2995 3007
BUCKET1 VK_BRA_OPEN BUCKET1 VK_W BUCKET1 VK_F BUCKET2 VK_H = 2991 3014 2995 3009
#
BUCKET1 VK_BRA_OPEN BUCKET1 VK_R BUCKET1 VK_F BUCKET1 VK_QUOTES = 2992 3014 2995 3021
BUCKET1 VK_BRA_OPEN BUCKET1 VK_R BUCKET1 VK_F BUCKET1 VK_BRA_CLOSE = 2992 3014 2995 3007
BUCKET1 VK_BRA_OPEN BUCKET1 VK_R BUCKET1 VK_F BUCKET2 VK_H = 2992 3014 2995 3009
#
BUCKET1 VK_BRA_OPEN BUCKET1 VK_T BUCKET1 VK_F BUCKET1 VK_QUOTES = 2980 3014 2995 3021
BUCKET1 VK_BRA_OPEN BUCKET1 VK_T BUCKET1 VK_F BUCKET1 VK_BRA_CLOSE = 2980 3014 2995 3007
BUCKET1 VK_BRA_OPEN BUCKET1 VK_T BUCKET1 VK_F BUCKET2 VK_H = 2980 3014 2995 3009
#
BUCKET1 VK_BRA_OPEN BUCKET1 VK_P BUCKET1 VK_F BUCKET1 VK_QUOTES = 2986 3014 2995 3021
BUCKET1 VK_BRA_OPEN BUCKET1 VK_P BUCKET1 VK_F BUCKET1 VK_BRA_CLOSE = 2986 3014 2995 3007
BUCKET1 VK_BRA_OPEN BUCKET1 VK_P BUCKET1 VK_F BUCKET2 VK_H = 2986 3014 2995 3009
#
BUCKET1 VK_BRA_OPEN BUCKET1 VK_BACK_SLASH BUCKET1 VK_F BUCKET1 VK_QUOTES = 2974 3014 2995 3021
BUCKET1 VK_BRA_OPEN BUCKET1 VK_BACK_SLASH BUCKET1 VK_F BUCKET1 VK_BRA_CLOSE = 2974 3014 2995 3007
BUCKET1 VK_BRA_OPEN BUCKET1 VK_BACK_SLASH BUCKET1 VK_F BUCKET2 VK_H = 2974 3014 2995 3009
#
BUCKET1 VK_BRA_OPEN BUCKET1 VK_D BUCKET1 VK_F BUCKET1 VK_QUOTES = 2975 3014 2995 3021
BUCKET1 VK_BRA_OPEN BUCKET1 VK_D BUCKET1 VK_F BUCKET1 VK_BRA_CLOSE = 2975 3014 2995 3007
BUCKET1 VK_BRA_OPEN BUCKET1 VK_D BUCKET1 VK_F BUCKET2 VK_H = 2975 3014 2995 3009
#
BUCKET1 VK_BRA_OPEN BUCKET1 VK_F BUCKET1 VK_F BUCKET1 VK_QUOTES = 2995 3014 2995 3021
BUCKET1 VK_BRA_OPEN BUCKET1 VK_F BUCKET1 VK_F BUCKET1 VK_BRA_CLOSE = 2995 3014 2995 3007
BUCKET1 VK_BRA_OPEN BUCKET1 VK_F BUCKET1 VK_F BUCKET2 VK_H = 2995 3014 2995 3009
#
BUCKET1 VK_BRA_OPEN BUCKET1 VK_G BUCKET1 VK_F BUCKET1 VK_QUOTES = 2969 3014 2995 3021
BUCKET1 VK_BRA_OPEN BUCKET1 VK_G BUCKET1 VK_F BUCKET1 VK_BRA_CLOSE = 2969 3014 2995 3007
BUCKET1 VK_BRA_OPEN BUCKET1 VK_G BUCKET1 VK_F BUCKET2 VK_H = 2969 3014 2995 3009
#
BUCKET1 VK_BRA_OPEN BUCKET1 VK_K BUCKET1 VK_F BUCKET1 VK_QUOTES = 2965 3014 2995 3021
BUCKET1 VK_BRA_OPEN BUCKET1 VK_K BUCKET1 VK_F BUCKET1 VK_BRA_CLOSE = 2965 3014 2995 3007
BUCKET1 VK_BRA_OPEN BUCKET1 VK_K BUCKET1 VK_F BUCKET2 VK_H = 2965 3014 2995 3009
#
BUCKET1 VK_BRA_OPEN BUCKET1 VK_L BUCKET1 VK_F BUCKET1 VK_QUOTES = 2994 3014 2995 3021
BUCKET1 VK_BRA_OPEN BUCKET1 VK_L BUCKET1 VK_F BUCKET1 VK_BRA_CLOSE = 2994 3014 2995 3007
BUCKET1 VK_BRA_OPEN BUCKET1 VK_L BUCKET1 VK_F BUCKET2 VK_H = 2994 3014 2995 3009
#
BUCKET1 VK_BRA_OPEN BUCKET1 VK_Z BUCKET1 VK_F BUCKET1 VK_QUOTES = 2996 3014 2995 3021
BUCKET1 VK_BRA_OPEN BUCKET1 VK_Z BUCKET1 VK_F BUCKET1 VK_BRA_CLOSE = 2996 3014 2995 3007
BUCKET1 VK_BRA_OPEN BUCKET1 VK_Z BUCKET1 VK_F BUCKET2 VK_H = 2996 3014 2995 3009
#
BUCKET1 VK_BRA_OPEN BUCKET1 VK_X BUCKET1 VK_F BUCKET1 VK_QUOTES = 2993 3014 2995 3021
BUCKET1 VK_BRA_OPEN BUCKET1 VK_X BUCKET1 VK_F BUCKET1 VK_BRA_CLOSE = 2993 3014 2995 3007
BUCKET1 VK_BRA_OPEN BUCKET1 VK_X BUCKET1 VK_F BUCKET2 VK_H = 2993 3014 2995 3009
#
BUCKET1 VK_BRA_OPEN BUCKET1 VK_C BUCKET1 VK_F BUCKET1 VK_QUOTES = 2970 3014 2995 3021
BUCKET1 VK_BRA_OPEN BUCKET1 VK_C BUCKET1 VK_F BUCKET1 VK_BRA_CLOSE = 2970 3014 2995 3007
BUCKET1 VK_BRA_OPEN BUCKET1 VK_C BUCKET1 VK_F BUCKET2 VK_H = 2970 3014 2995 3009
#
BUCKET1 VK_BRA_OPEN BUCKET1 VK_V BUCKET1 VK_F BUCKET1 VK_QUOTES = 2997 3014 2995 3021
BUCKET1 VK_BRA_OPEN BUCKET1 VK_V BUCKET1 VK_F BUCKET1 VK_BRA_CLOSE = 2997 3014 2995 3007
BUCKET1 VK_BRA_OPEN BUCKET1 VK_V BUCKET1 VK_F BUCKET2 VK_H = 2997 3014 2995 3009
#
BUCKET1 VK_BRA_OPEN BUCKET1 VK_B BUCKET1 VK_F BUCKET1 VK_QUOTES = 2979 3014 2995 3021
BUCKET1 VK_BRA_OPEN BUCKET1 VK_B BUCKET1 VK_F BUCKET1 VK_BRA_CLOSE = 2979 3014 2995 3007
BUCKET1 VK_BRA_OPEN BUCKET1 VK_B BUCKET1 VK_F BUCKET2 VK_H = 2979 3014 2995 3009
#
BUCKET1 VK_BRA_OPEN BUCKET1 VK_N BUCKET1 VK_F BUCKET1 VK_QUOTES = 2985 3014 2995 3021
BUCKET1 VK_BRA_OPEN BUCKET1 VK_N BUCKET1 VK_F BUCKET1 VK_BRA_CLOSE = 2985 3014 2995 3007
BUCKET1 VK_BRA_OPEN BUCKET1 VK_N BUCKET1 VK_F BUCKET2 VK_H = 2985 3014 2995 3009
#
BUCKET1 VK_BRA_OPEN BUCKET1 VK_M BUCKET1 VK_F BUCKET1 VK_QUOTES = 2990 3014 2995 3021
BUCKET1 VK_BRA_OPEN BUCKET1 VK_M BUCKET1 VK_F BUCKET1 VK_BRA_CLOSE = 2990 3014 2995 3007
BUCKET1 VK_BRA_OPEN BUCKET1 VK_M BUCKET1 VK_F BUCKET2 VK_H = 2990 3014 2995 3009
#
# End of au exceptions!
#
# End of multiple keystroke mappings.
#
# SPECIALS
#
# SIMULATION OF BUCKET3 BY space+space. Deleted.
#
#
# END
#
#


